Archive member included to satisfy reference by file (symbol)

/opt/st/stm32cubeide_1.14.0/plugins/com.st.stm32cube.ide.mcu.externaltools.gnu-tools-for-stm32.11.3.rel1.linux64_1.1.100.202309141235/tools/bin/../lib/gcc/arm-none-eabi/11.3.1/../../../../arm-none-eabi/lib/thumb/v7e-m+dp/hard/libc_nano.a(libc_a-exit.o)
                              /opt/st/stm32cubeide_1.14.0/plugins/com.st.stm32cube.ide.mcu.externaltools.gnu-tools-for-stm32.11.3.rel1.linux64_1.1.100.202309141235/tools/bin/../lib/gcc/arm-none-eabi/11.3.1/../../../../arm-none-eabi/lib/thumb/v7e-m+dp/hard/crt0.o (exit)
/opt/st/stm32cubeide_1.14.0/plugins/com.st.stm32cube.ide.mcu.externaltools.gnu-tools-for-stm32.11.3.rel1.linux64_1.1.100.202309141235/tools/bin/../lib/gcc/arm-none-eabi/11.3.1/../../../../arm-none-eabi/lib/thumb/v7e-m+dp/hard/libc_nano.a(libc_a-findfp.o)
                              /opt/st/stm32cubeide_1.14.0/plugins/com.st.stm32cube.ide.mcu.externaltools.gnu-tools-for-stm32.11.3.rel1.linux64_1.1.100.202309141235/tools/bin/../lib/gcc/arm-none-eabi/11.3.1/../../../../arm-none-eabi/lib/thumb/v7e-m+dp/hard/libc_nano.a(libc_a-exit.o) (__stdio_exit_handler)
/opt/st/stm32cubeide_1.14.0/plugins/com.st.stm32cube.ide.mcu.externaltools.gnu-tools-for-stm32.11.3.rel1.linux64_1.1.100.202309141235/tools/bin/../lib/gcc/arm-none-eabi/11.3.1/../../../../arm-none-eabi/lib/thumb/v7e-m+dp/hard/libc_nano.a(libc_a-fwalk.o)
                              /opt/st/stm32cubeide_1.14.0/plugins/com.st.stm32cube.ide.mcu.externaltools.gnu-tools-for-stm32.11.3.rel1.linux64_1.1.100.202309141235/tools/bin/../lib/gcc/arm-none-eabi/11.3.1/../../../../arm-none-eabi/lib/thumb/v7e-m+dp/hard/libc_nano.a(libc_a-findfp.o) (_fwalk_sglue)
/opt/st/stm32cubeide_1.14.0/plugins/com.st.stm32cube.ide.mcu.externaltools.gnu-tools-for-stm32.11.3.rel1.linux64_1.1.100.202309141235/tools/bin/../lib/gcc/arm-none-eabi/11.3.1/../../../../arm-none-eabi/lib/thumb/v7e-m+dp/hard/libc_nano.a(libc_a-stdio.o)
                              /opt/st/stm32cubeide_1.14.0/plugins/com.st.stm32cube.ide.mcu.externaltools.gnu-tools-for-stm32.11.3.rel1.linux64_1.1.100.202309141235/tools/bin/../lib/gcc/arm-none-eabi/11.3.1/../../../../arm-none-eabi/lib/thumb/v7e-m+dp/hard/libc_nano.a(libc_a-findfp.o) (__sread)
/opt/st/stm32cubeide_1.14.0/plugins/com.st.stm32cube.ide.mcu.externaltools.gnu-tools-for-stm32.11.3.rel1.linux64_1.1.100.202309141235/tools/bin/../lib/gcc/arm-none-eabi/11.3.1/../../../../arm-none-eabi/lib/thumb/v7e-m+dp/hard/libc_nano.a(libc_a-memset.o)
                              /opt/st/stm32cubeide_1.14.0/plugins/com.st.stm32cube.ide.mcu.externaltools.gnu-tools-for-stm32.11.3.rel1.linux64_1.1.100.202309141235/tools/bin/../lib/gcc/arm-none-eabi/11.3.1/../../../../arm-none-eabi/lib/thumb/v7e-m+dp/hard/crt0.o (memset)
/opt/st/stm32cubeide_1.14.0/plugins/com.st.stm32cube.ide.mcu.externaltools.gnu-tools-for-stm32.11.3.rel1.linux64_1.1.100.202309141235/tools/bin/../lib/gcc/arm-none-eabi/11.3.1/../../../../arm-none-eabi/lib/thumb/v7e-m+dp/hard/libc_nano.a(libc_a-closer.o)
                              /opt/st/stm32cubeide_1.14.0/plugins/com.st.stm32cube.ide.mcu.externaltools.gnu-tools-for-stm32.11.3.rel1.linux64_1.1.100.202309141235/tools/bin/../lib/gcc/arm-none-eabi/11.3.1/../../../../arm-none-eabi/lib/thumb/v7e-m+dp/hard/libc_nano.a(libc_a-stdio.o) (_close_r)
/opt/st/stm32cubeide_1.14.0/plugins/com.st.stm32cube.ide.mcu.externaltools.gnu-tools-for-stm32.11.3.rel1.linux64_1.1.100.202309141235/tools/bin/../lib/gcc/arm-none-eabi/11.3.1/../../../../arm-none-eabi/lib/thumb/v7e-m+dp/hard/libc_nano.a(libc_a-reent.o)
                              /opt/st/stm32cubeide_1.14.0/plugins/com.st.stm32cube.ide.mcu.externaltools.gnu-tools-for-stm32.11.3.rel1.linux64_1.1.100.202309141235/tools/bin/../lib/gcc/arm-none-eabi/11.3.1/../../../../arm-none-eabi/lib/thumb/v7e-m+dp/hard/libc_nano.a(libc_a-closer.o) (errno)
/opt/st/stm32cubeide_1.14.0/plugins/com.st.stm32cube.ide.mcu.externaltools.gnu-tools-for-stm32.11.3.rel1.linux64_1.1.100.202309141235/tools/bin/../lib/gcc/arm-none-eabi/11.3.1/../../../../arm-none-eabi/lib/thumb/v7e-m+dp/hard/libc_nano.a(libc_a-impure.o)
                              /opt/st/stm32cubeide_1.14.0/plugins/com.st.stm32cube.ide.mcu.externaltools.gnu-tools-for-stm32.11.3.rel1.linux64_1.1.100.202309141235/tools/bin/../lib/gcc/arm-none-eabi/11.3.1/../../../../arm-none-eabi/lib/thumb/v7e-m+dp/hard/libc_nano.a(libc_a-reent.o) (_impure_ptr)
/opt/st/stm32cubeide_1.14.0/plugins/com.st.stm32cube.ide.mcu.externaltools.gnu-tools-for-stm32.11.3.rel1.linux64_1.1.100.202309141235/tools/bin/../lib/gcc/arm-none-eabi/11.3.1/../../../../arm-none-eabi/lib/thumb/v7e-m+dp/hard/libc_nano.a(libc_a-lseekr.o)
                              /opt/st/stm32cubeide_1.14.0/plugins/com.st.stm32cube.ide.mcu.externaltools.gnu-tools-for-stm32.11.3.rel1.linux64_1.1.100.202309141235/tools/bin/../lib/gcc/arm-none-eabi/11.3.1/../../../../arm-none-eabi/lib/thumb/v7e-m+dp/hard/libc_nano.a(libc_a-stdio.o) (_lseek_r)
[...]
Memory Configuration

Name             Origin             Length             Attributes
FLASH            0x0000000008000000 0x0000000000100000 xr
RAM              0x0000000020000000 0x0000000000020000 xrw
ITCMRAM          0x0000000000000000 0x0000000000010000 xrw
*default*        0x0000000000000000 0xffffffffffffffff

Linker script and memory map

LOAD /opt/st/stm32cubeide_1.14.0/plugins/com.st.stm32cube.ide.mcu.externaltools.gnu-tools-for-stm32.11.3.rel1.linux64_1.1.100.202309141235/tools/bin/../lib/gcc/arm-none-eabi/11.3.1/thumb/v7e-m+dp/hard/crti.o
LOAD /opt/st/stm32cubeide_1.14.0/plugins/com.st.stm32cube.ide.mcu.externaltools.gnu-tools-for-stm32.11.3.rel1.linux64_1.1.100.202309141235/tools/bin/../lib/gcc/arm-none-eabi/11.3.1/thumb/v7e-m+dp/hard/crtbegin.o
LOAD /opt/st/stm32cubeide_1.14.0/plugins/com.st.stm32cube.ide.mcu.externaltools.gnu-tools-for-stm32.11.3.rel1.linux64_1.1.100.202309141235/tools/bin/../lib/gcc/arm-none-eabi/11.3.1/../../../../arm-none-eabi/lib/thumb/v7e-m+dp/hard/crt0.o
LOAD ./Drivers/BSP/STM32H745I_Nucleo/stm32h7xx_nucleo.o
LOAD ./Drivers/CMSIS/system_stm32h7xx.o
LOAD ./Drivers/STM32H7xx_HAL_Driver/stm32h7xx_hal.o
LOAD ./Drivers/STM32H7xx_HAL_Driver/stm32h7xx_hal_adc.o
LOAD ./Drivers/STM32H7xx_HAL_Driver/stm32h7xx_hal_adc_ex.o
LOAD ./Drivers/STM32H7xx_HAL_Driver/stm32h7xx_hal_cortex.o
LOAD ./Drivers/STM32H7xx_HAL_Driver/stm32h7xx_hal_dma.o
LOAD ./Drivers/STM32H7xx_HAL_Driver/stm32h7xx_hal_dma_ex.o
LOAD ./Drivers/STM32H7xx_HAL_Driver/stm32h7xx_hal_exti.o
LOAD ./Drivers/STM32H7xx_HAL_Driver/stm32h7xx_hal_gpio.o
LOAD ./Drivers/STM32H7xx_HAL_Driver/stm32h7xx_hal_hsem.o
LOAD ./Drivers/STM32H7xx_HAL_Driver/stm32h7xx_hal_i2c.o
LOAD ./Drivers/STM32H7xx_HAL_Driver/stm32h7xx_hal_i2c_ex.o
LOAD ./Drivers/STM32H7xx_HAL_Driver/stm32h7xx_hal_pwr.o
LOAD ./Drivers/STM32H7xx_HAL_Driver/stm32h7xx_hal_pwr_ex.o
LOAD ./Drivers/STM32H7xx_HAL_Driver/stm32h7xx_hal_rcc.o
LOAD ./Drivers/STM32H7xx_HAL_Driver/stm32h7xx_hal_rcc_ex.o
LOAD ./Drivers/STM32H7xx_HAL_Driver/stm32h7xx_hal_uart.o
LOAD ./Drivers/STM32H7xx_HAL_Driver/stm32h7xx_hal_uart_ex.o
LOAD ./Example/User/CM7/main.o
LOAD ./Example/User/CM7/stm32h7xx_it.o
LOAD ./Example/User/CM7/syscalls.o
LOAD ./Example/User/CM7/sysmem.o
LOAD ./Example/User/Startup/startup_stm32h745zitx.o
START GROUP
LOAD /opt/st/stm32cubeide_1.14.0/plugins/com.st.stm32cube.ide.mcu.externaltools.gnu-tools-for-stm32.11.3.rel1.linux64_1.1.100.202309141235/tools/bin/../lib/gcc/arm-none-eabi/11.3.1/../../../../arm-none-eabi/lib/thumb/v7e-m+dp/hard/libc_nano.a
LOAD /opt/st/stm32cubeide_1.14.0/plugins/com.st.stm32cube.ide.mcu.externaltools.gnu-tools-for-stm32.11.3.rel1.linux64_1.1.100.202309141235/tools/bin/../lib/gcc/arm-none-eabi/11.3.1/../../../../arm-none-eabi/lib/thumb/v7e-m+dp/hard/libm.a
END GROUP
START GROUP
LOAD /opt/st/stm32cubeide_1.14.0/plugins/com.st.stm32cube.ide.mcu.externaltools.gnu-tools-for-stm32.11.3.rel1.linux64_1.1.100.202309141235/tools/bin/../lib/gcc/arm-none-eabi/11.3.1/thumb/v7e-m+dp/hard/libgcc.a
LOAD /opt/st/stm32cubeide_1.14.0/plugins/com.st.stm32cube.ide.mcu.externaltools.gnu-tools-for-stm32.11.3.rel1.linux64_1.1.100.202309141235/tools/bin/../lib/gcc/arm-none-eabi/11.3.1/../../../../arm-none-eabi/lib/thumb/v7e-m+dp/hard/libc_nano.a
END GROUP
START GROUP
LOAD /opt/st/stm32cubeide_1.14.0/plugins/com.st.stm32cube.ide.mcu.externaltools.gnu-tools-for-stm32.11.3.rel1.linux64_1.1.100.202309141235/tools/bin/../lib/gcc/arm-none-eabi/11.3.1/thumb/v7e-m+dp/hard/libgcc.a
LOAD /opt/st/stm32cubeide_1.14.0/plugins/com.st.stm32cube.ide.mcu.externaltools.gnu-tools-for-stm32.11.3.rel1.linux64_1.1.100.202309141235/tools/bin/../lib/gcc/arm-none-eabi/11.3.1/../../../../arm-none-eabi/lib/thumb/v7e-m+dp/hard/libc_nano.a
LOAD /opt/st/stm32cubeide_1.14.0/plugins/com.st.stm32cube.ide.mcu.externaltools.gnu-tools-for-stm32.11.3.rel1.linux64_1.1.100.202309141235/tools/bin/../lib/gcc/arm-none-eabi/11.3.1/../../../../arm-none-eabi/lib/thumb/v7e-m+dp/hard/libnosys.a
END GROUP
START GROUP
LOAD /opt/st/stm32cubeide_1.14.0/plugins/com.st.stm32cube.ide.mcu.externaltools.gnu-tools-for-stm32.11.3.rel1.linux64_1.1.100.202309141235/tools/bin/../lib/gcc/arm-none-eabi/11.3.1/thumb/v7e-m+dp/hard/libgcc.a
LOAD /opt/st/stm32cubeide_1.14.0/plugins/com.st.stm32cube.ide.mcu.externaltools.gnu-tools-for-stm32.11.3.rel1.linux64_1.1.100.202309141235/tools/bin/../lib/gcc/arm-none-eabi/11.3.1/../../../../arm-none-eabi/lib/thumb/v7e-m+dp/hard/libc_nano.a
LOAD /opt/st/stm32cubeide_1.14.0/plugins/com.st.stm32cube.ide.mcu.externaltools.gnu-tools-for-stm32.11.3.rel1.linux64_1.1.100.202309141235/tools/bin/../lib/gcc/arm-none-eabi/11.3.1/../../../../arm-none-eabi/lib/thumb/v7e-m+dp/hard/libnosys.a
END GROUP
LOAD /opt/st/stm32cubeide_1.14.0/plugins/com.st.stm32cube.ide.mcu.externaltools.gnu-tools-for-stm32.11.3.rel1.linux64_1.1.100.202309141235/tools/bin/../lib/gcc/arm-none-eabi/11.3.1/thumb/v7e-m+dp/hard/crtend.o
LOAD /opt/st/stm32cubeide_1.14.0/plugins/com.st.stm32cube.ide.mcu.externaltools.gnu-tools-for-stm32.11.3.rel1.linux64_1.1.100.202309141235/tools/bin/../lib/gcc/arm-none-eabi/11.3.1/thumb/v7e-m+dp/hard/crtn.o
                0x0000000020020000                _estack = 0x20020000
                0x0000000000000200                _Min_Heap_Size = 0x200
                0x0000000000000400                _Min_Stack_Size = 0x400

.isr_vector     0x0000000008000000      0x298
                0x0000000008000000                . = ALIGN (0x4)
 *(.isr_vector)
 .isr_vector    0x0000000008000000      0x298 ./Example/User/Startup/startup_stm32h745zitx.o
                0x0000000008000000                g_pfnVectors
                0x0000000008000298                . = ALIGN (0x4)

.text           0x0000000008000298     0x2058
                0x0000000008000298                . = ALIGN (0x4)
 *(.text)
 .text          0x0000000008000298       0x40 /opt/st/stm32cubeide_1.14.0/plugins/com.st.stm32cube.ide.mcu.externaltools.gnu-tools-for-stm32.11.3.rel1.linux64_1.1.100.202309141235/tools/bin/../lib/gcc/arm-none-eabi/11.3.1/thumb/v7e-m+dp/hard/crtbegin.o
 *(.text*)
 .text.BSP_LED_Init
                0x00000000080002d8       0xec ./Drivers/BSP/STM32H745I_Nucleo/stm32h7xx_nucleo.o
                0x00000000080002d8                BSP_LED_Init
 .text.BSP_LED_Toggle
                0x00000000080003c4       0x54 ./Drivers/BSP/STM32H745I_Nucleo/stm32h7xx_nucleo.o
                0x00000000080003c4                BSP_LED_Toggle
 .text.SystemInit
                0x0000000008000418       0xec ./Drivers/CMSIS/system_stm32h7xx.o
                0x0000000008000418                SystemInit
 .text.HAL_Init
                0x0000000008000504       0x78 ./Drivers/STM32H7xx_HAL_Driver/stm32h7xx_hal.o
                0x0000000008000504                HAL_Init
 .text.HAL_MspInit
                0x000000000800057c        0xe ./Drivers/STM32H7xx_HAL_Driver/stm32h7xx_hal.o
                0x000000000800057c                HAL_MspInit
 *fill*         0x000000000800058a        0x2 
 .text.HAL_InitTick
                0x000000000800058c       0x6c ./Drivers/STM32H7xx_HAL_Driver/stm32h7xx_hal.o
                0x000000000800058c                HAL_InitTick
 .text.HAL_IncTick
                0x00000000080005f8       0x28 ./Drivers/STM32H7xx_HAL_Driver/stm32h7xx_hal.o
                0x00000000080005f8                HAL_IncTick
 .text.HAL_GetTick
                0x0000000008000620       0x18 ./Drivers/STM32H7xx_HAL_Driver/stm32h7xx_hal.o
                0x0000000008000620                HAL_GetTick
 .text.HAL_GetREVID
                0x0000000008000638       0x18 ./Drivers/STM32H7xx_HAL_Driver/stm32h7xx_hal.o
                0x0000000008000638                HAL_GetREVID
 .text.HAL_EXTI_D2_EventInputConfig
                0x0000000008000650       0xec ./Drivers/STM32H7xx_HAL_Driver/stm32h7xx_hal.o
                0x0000000008000650                HAL_EXTI_D2_EventInputConfig
 .text.__NVIC_SetPriorityGrouping
                0x000000000800073c       0x48 ./Drivers/STM32H7xx_HAL_Driver/stm32h7xx_hal_cortex.o
 .text.__NVIC_GetPriorityGrouping
                0x0000000008000784       0x1c ./Drivers/STM32H7xx_HAL_Driver/stm32h7xx_hal_cortex.o
 .text.__NVIC_EnableIRQ
                0x00000000080007a0       0x3c ./Drivers/STM32H7xx_HAL_Driver/stm32h7xx_hal_cortex.o
 .text.__NVIC_SetPriority
                0x00000000080007dc       0x54 ./Drivers/STM32H7xx_HAL_Driver/stm32h7xx_hal_cortex.o
 .text.NVIC_EncodePriority
                0x0000000008000830       0x66 ./Drivers/STM32H7xx_HAL_Driver/stm32h7xx_hal_cortex.o
 *fill*         0x0000000008000896        0x2 
 .text.SysTick_Config
                0x0000000008000898       0x44 ./Drivers/STM32H7xx_HAL_Driver/stm32h7xx_hal_cortex.o
 .text.HAL_NVIC_SetPriorityGrouping
                0x00000000080008dc       0x16 ./Drivers/STM32H7xx_HAL_Driver/stm32h7xx_hal_cortex.o
                0x00000000080008dc                HAL_NVIC_SetPriorityGrouping
 .text.HAL_NVIC_SetPriority
                0x00000000080008f2       0x34 ./Drivers/STM32H7xx_HAL_Driver/stm32h7xx_hal_cortex.o
                0x00000000080008f2                HAL_NVIC_SetPriority
 .text.HAL_NVIC_EnableIRQ
                0x0000000008000926       0x1c ./Drivers/STM32H7xx_HAL_Driver/stm32h7xx_hal_cortex.o
                0x0000000008000926                HAL_NVIC_EnableIRQ
 .text.HAL_SYSTICK_Config
                0x0000000008000942       0x18 ./Drivers/STM32H7xx_HAL_Driver/stm32h7xx_hal_cortex.o
                0x0000000008000942                HAL_SYSTICK_Config
 *fill*         0x000000000800095a        0x2 
 .text.HAL_MPU_Disable
                0x000000000800095c       0x30 ./Drivers/STM32H7xx_HAL_Driver/stm32h7xx_hal_cortex.o
                0x000000000800095c                HAL_MPU_Disable
 .text.HAL_MPU_Enable
                0x000000000800098c       0x40 ./Drivers/STM32H7xx_HAL_Driver/stm32h7xx_hal_cortex.o
                0x000000000800098c                HAL_MPU_Enable
 .text.HAL_MPU_ConfigRegion
                0x00000000080009cc       0x88 ./Drivers/STM32H7xx_HAL_Driver/stm32h7xx_hal_cortex.o
                0x00000000080009cc                HAL_MPU_ConfigRegion
 .text.HAL_GPIO_Init
                0x0000000008000a54      0x360 ./Drivers/STM32H7xx_HAL_Driver/stm32h7xx_hal_gpio.o
                0x0000000008000a54                HAL_GPIO_Init
 .text.HAL_GPIO_WritePin
                0x0000000008000db4       0x32 ./Drivers/STM32H7xx_HAL_Driver/stm32h7xx_hal_gpio.o
                0x0000000008000db4                HAL_GPIO_WritePin
 .text.HAL_GPIO_TogglePin
                0x0000000008000de6       0x34 ./Drivers/STM32H7xx_HAL_Driver/stm32h7xx_hal_gpio.o
                0x0000000008000de6                HAL_GPIO_TogglePin
 .text.HAL_GPIO_EXTI_IRQHandler
                0x0000000008000e1a       0x34 ./Drivers/STM32H7xx_HAL_Driver/stm32h7xx_hal_gpio.o
                0x0000000008000e1a                HAL_GPIO_EXTI_IRQHandler
 *fill*         0x0000000008000e4e        0x2 
 .text.HAL_HSEM_FastTake
                0x0000000008000e50       0x34 ./Drivers/STM32H7xx_HAL_Driver/stm32h7xx_hal_hsem.o
                0x0000000008000e50                HAL_HSEM_FastTake
 .text.HAL_HSEM_Release
                0x0000000008000e84       0x28 ./Drivers/STM32H7xx_HAL_Driver/stm32h7xx_hal_hsem.o
                0x0000000008000e84                HAL_HSEM_Release
 .text.HAL_PWREx_ConfigSupply
                0x0000000008000eac       0xb4 ./Drivers/STM32H7xx_HAL_Driver/stm32h7xx_hal_pwr_ex.o
                0x0000000008000eac                HAL_PWREx_ConfigSupply
 .text.HAL_RCC_OscConfig
                0x0000000008000f60      0x8b4 ./Drivers/STM32H7xx_HAL_Driver/stm32h7xx_hal_rcc.o
                0x0000000008000f60                HAL_RCC_OscConfig
 .text.HAL_RCC_ClockConfig
                0x0000000008001814      0x36c ./Drivers/STM32H7xx_HAL_Driver/stm32h7xx_hal_rcc.o
                0x0000000008001814                HAL_RCC_ClockConfig
 .text.HAL_RCC_GetSysClockFreq
                0x0000000008001b80      0x2f4 ./Drivers/STM32H7xx_HAL_Driver/stm32h7xx_hal_rcc.o
                0x0000000008001b80                HAL_RCC_GetSysClockFreq
 .text.main     0x0000000008001e74       0xa4 ./Example/User/CM7/main.o
                0x0000000008001e74                main
 .text.SystemClock_Config
                0x0000000008001f18       0xfc ./Example/User/CM7/main.o
 .text.CPU_CACHE_Enable
                0x0000000008002014       0xdc ./Example/User/CM7/main.o
 .text.Error_Handler
                0x00000000080020f0        0x6 ./Example/User/CM7/main.o
 .text.HAL_GPIO_EXTI_Callback
                0x00000000080020f6       0x20 ./Example/User/CM7/main.o
                0x00000000080020f6                HAL_GPIO_EXTI_Callback
 *fill*         0x0000000008002116        0x2 
 .text.EXTI15_10_IRQHandler_Config
                0x0000000008002118       0x6c ./Example/User/CM7/main.o
 .text.MPU_Config
                0x0000000008002184       0x4c ./Example/User/CM7/main.o
 .text.NMI_Handler
                0x00000000080021d0        0xe ./Example/User/CM7/stm32h7xx_it.o
                0x00000000080021d0                NMI_Handler
 .text.HardFault_Handler
                0x00000000080021de        0x6 ./Example/User/CM7/stm32h7xx_it.o
                0x00000000080021de                HardFault_Handler
 .text.MemManage_Handler
                0x00000000080021e4        0x6 ./Example/User/CM7/stm32h7xx_it.o
                0x00000000080021e4                MemManage_Handler
 .text.BusFault_Handler
                0x00000000080021ea        0x6 ./Example/User/CM7/stm32h7xx_it.o
                0x00000000080021ea                BusFault_Handler
 .text.UsageFault_Handler
                0x00000000080021f0        0x6 ./Example/User/CM7/stm32h7xx_it.o
                0x00000000080021f0                UsageFault_Handler
 .text.SVC_Handler
                0x00000000080021f6        0xe ./Example/User/CM7/stm32h7xx_it.o
                0x00000000080021f6                SVC_Handler
 .text.DebugMon_Handler
                0x0000000008002204        0xe ./Example/User/CM7/stm32h7xx_it.o
                0x0000000008002204                DebugMon_Handler
 .text.PendSV_Handler
                0x0000000008002212        0xe ./Example/User/CM7/stm32h7xx_it.o
                0x0000000008002212                PendSV_Handler
 .text.SysTick_Handler
                0x0000000008002220        0xc ./Example/User/CM7/stm32h7xx_it.o
                0x0000000008002220                SysTick_Handler
 .text.EXTI15_10_IRQHandler
                0x000000000800222c       0x10 ./Example/User/CM7/stm32h7xx_it.o
                0x000000000800222c                EXTI15_10_IRQHandler
 .text.Reset_Handler
                0x000000000800223c       0x50 ./Example/User/Startup/startup_stm32h745zitx.o
                0x000000000800223c                Reset_Handler
 .text.Default_Handler
                0x000000000800228c        0x2 ./Example/User/Startup/startup_stm32h745zitx.o
                0x000000000800228c                RTC_Alarm_IRQHandler
                0x000000000800228c                EXTI2_IRQHandler
                0x000000000800228c                TIM8_CC_IRQHandler
                0x000000000800228c                HRTIM1_Master_IRQHandler
                0x000000000800228c                UART8_IRQHandler
                0x000000000800228c                SPI4_IRQHandler
                0x000000000800228c                TIM1_CC_IRQHandler
                0x000000000800228c                BDMA_Channel6_IRQHandler
                0x000000000800228c                DMA2_Stream5_IRQHandler
                0x000000000800228c                HRTIM1_FLT_IRQHandler
                0x000000000800228c                JPEG_IRQHandler
                0x000000000800228c                DMA1_Stream5_IRQHandler
                0x000000000800228c                BDMA_Channel1_IRQHandler
                0x000000000800228c                HRTIM1_TIMD_IRQHandler
                0x000000000800228c                TAMP_STAMP_IRQHandler
                0x000000000800228c                EXTI3_IRQHandler
                0x000000000800228c                LPTIM4_IRQHandler
                0x000000000800228c                TIM8_TRG_COM_TIM14_IRQHandler
                0x000000000800228c                LPTIM2_IRQHandler
                0x000000000800228c                DFSDM1_FLT1_IRQHandler
                0x000000000800228c                DMAMUX2_OVR_IRQHandler
                0x000000000800228c                TIM8_UP_TIM13_IRQHandler
                0x000000000800228c                I2C3_ER_IRQHandler
                0x000000000800228c                DFSDM1_FLT2_IRQHandler
                0x000000000800228c                MDMA_IRQHandler
                0x000000000800228c                LPTIM3_IRQHandler
                0x000000000800228c                HSEM1_IRQHandler
                0x000000000800228c                EXTI0_IRQHandler
                0x000000000800228c                I2C2_EV_IRQHandler
                0x000000000800228c                DMA1_Stream2_IRQHandler
                0x000000000800228c                FPU_IRQHandler
                0x000000000800228c                OTG_HS_WKUP_IRQHandler
                0x000000000800228c                FDCAN1_IT1_IRQHandler
                0x000000000800228c                LTDC_ER_IRQHandler
                0x000000000800228c                DMA2_Stream2_IRQHandler
                0x000000000800228c                HRTIM1_TIME_IRQHandler
                0x000000000800228c                SPI1_IRQHandler
                0x000000000800228c                TIM6_DAC_IRQHandler
                0x000000000800228c                DCMI_IRQHandler
                0x000000000800228c                HRTIM1_TIMC_IRQHandler
                0x000000000800228c                DMA2_Stream3_IRQHandler
                0x000000000800228c                SAI2_IRQHandler
                0x000000000800228c                DFSDM1_FLT3_IRQHandler
                0x000000000800228c                USART6_IRQHandler
                0x000000000800228c                TIM17_IRQHandler
                0x000000000800228c                USART3_IRQHandler
                0x000000000800228c                BDMA_Channel7_IRQHandler
                0x000000000800228c                LPTIM5_IRQHandler
                0x000000000800228c                UART5_IRQHandler
                0x000000000800228c                ADC3_IRQHandler
                0x000000000800228c                DMA2_Stream0_IRQHandler
                0x000000000800228c                TIM4_IRQHandler
                0x000000000800228c                BDMA_Channel2_IRQHandler
                0x000000000800228c                QUADSPI_IRQHandler
                0x000000000800228c                I2C1_EV_IRQHandler
                0x000000000800228c                DMA1_Stream6_IRQHandler
                0x000000000800228c                DMAMUX1_OVR_IRQHandler
                0x000000000800228c                DMA1_Stream1_IRQHandler
                0x000000000800228c                TIM16_IRQHandler
                0x000000000800228c                UART4_IRQHandler
                0x000000000800228c                BDMA_Channel5_IRQHandler
                0x000000000800228c                TIM3_IRQHandler
                0x000000000800228c                RCC_IRQHandler
                0x000000000800228c                TIM8_BRK_TIM12_IRQHandler
                0x000000000800228c                TIM1_TRG_COM_IRQHandler
                0x000000000800228c                Default_Handler
                0x000000000800228c                ECC_IRQHandler
                0x000000000800228c                CEC_IRQHandler
                0x000000000800228c                BDMA_Channel0_IRQHandler
                0x000000000800228c                ADC_IRQHandler
                0x000000000800228c                DMA1_Stream7_IRQHandler
                0x000000000800228c                HRTIM1_TIMA_IRQHandler
                0x000000000800228c                SPI5_IRQHandler
                0x000000000800228c                TIM7_IRQHandler
                0x000000000800228c                SDMMC1_IRQHandler
                0x000000000800228c                TIM5_IRQHandler
                0x000000000800228c                DMA2_Stream7_IRQHandler
                0x000000000800228c                TIM15_IRQHandler
                0x000000000800228c                PVD_AVD_IRQHandler
                0x000000000800228c                I2C3_EV_IRQHandler
                0x000000000800228c                EXTI9_5_IRQHandler
                0x000000000800228c                RTC_WKUP_IRQHandler
                0x000000000800228c                LTDC_IRQHandler
                0x000000000800228c                SAI3_IRQHandler
                0x000000000800228c                ETH_WKUP_IRQHandler
                0x000000000800228c                SPDIF_RX_IRQHandler
                0x000000000800228c                SPI2_IRQHandler
                0x000000000800228c                OTG_HS_EP1_IN_IRQHandler
                0x000000000800228c                DMA1_Stream0_IRQHandler
                0x000000000800228c                CRS_IRQHandler
                0x000000000800228c                CM7_SEV_IRQHandler
                0x000000000800228c                EXTI4_IRQHandler
                0x000000000800228c                RNG_IRQHandler
                0x000000000800228c                CM4_SEV_IRQHandler
                0x000000000800228c                HRTIM1_TIMB_IRQHandler
                0x000000000800228c                FDCAN2_IT1_IRQHandler
                0x000000000800228c                ETH_IRQHandler
                0x000000000800228c                TIM1_UP_IRQHandler
                0x000000000800228c                WWDG_RST_IRQHandler
                0x000000000800228c                BDMA_Channel4_IRQHandler
                0x000000000800228c                OTG_HS_EP1_OUT_IRQHandler
                0x000000000800228c                WWDG_IRQHandler
                0x000000000800228c                SPI6_IRQHandler
                0x000000000800228c                MDIOS_IRQHandler
                0x000000000800228c                I2C4_EV_IRQHandler
                0x000000000800228c                FDCAN2_IT0_IRQHandler
                0x000000000800228c                LPUART1_IRQHandler
                0x000000000800228c                FDCAN1_IT0_IRQHandler
                0x000000000800228c                TIM2_IRQHandler
                0x000000000800228c                OTG_FS_WKUP_IRQHandler
                0x000000000800228c                OTG_HS_IRQHandler
                0x000000000800228c                HSEM2_IRQHandler
                0x000000000800228c                DMA2D_IRQHandler
                0x000000000800228c                TIM1_BRK_IRQHandler
                0x000000000800228c                EXTI1_IRQHandler
                0x000000000800228c                SDMMC2_IRQHandler
                0x000000000800228c                OTG_FS_EP1_OUT_IRQHandler
                0x000000000800228c                BDMA_Channel3_IRQHandler
                0x000000000800228c                HOLD_CORE_IRQHandler
                0x000000000800228c                UART7_IRQHandler
                0x000000000800228c                MDIOS_WKUP_IRQHandler
                0x000000000800228c                USART2_IRQHandler
                0x000000000800228c                DFSDM1_FLT0_IRQHandler
                0x000000000800228c                SAI4_IRQHandler
                0x000000000800228c                I2C2_ER_IRQHandler
                0x000000000800228c                DMA2_Stream1_IRQHandler
                0x000000000800228c                FLASH_IRQHandler
                0x000000000800228c                DMA2_Stream4_IRQHandler
                0x000000000800228c                USART1_IRQHandler
                0x000000000800228c                OTG_FS_IRQHandler
                0x000000000800228c                SPI3_IRQHandler
                0x000000000800228c                WAKEUP_PIN_IRQHandler
                0x000000000800228c                DMA1_Stream4_IRQHandler
                0x000000000800228c                OTG_FS_EP1_IN_IRQHandler
                0x000000000800228c                I2C1_ER_IRQHandler
                0x000000000800228c                FMC_IRQHandler
                0x000000000800228c                FDCAN_CAL_IRQHandler
                0x000000000800228c                SWPMI1_IRQHandler
                0x000000000800228c                COMP1_IRQHandler
                0x000000000800228c                LPTIM1_IRQHandler
                0x000000000800228c                I2C4_ER_IRQHandler
                0x000000000800228c                DMA2_Stream6_IRQHandler
                0x000000000800228c                SAI1_IRQHandler
                0x000000000800228c                DMA1_Stream3_IRQHandler
 *fill*         0x000000000800228e        0x2 
 .text.__libc_init_array
                0x0000000008002290       0x48 /opt/st/stm32cubeide_1.14.0/plugins/com.st.stm32cube.ide.mcu.externaltools.gnu-tools-for-stm32.11.3.rel1.linux64_1.1.100.202309141235/tools/bin/../lib/gcc/arm-none-eabi/11.3.1/../../../../arm-none-eabi/lib/thumb/v7e-m+dp/hard/libc_nano.a(libc_a-init.o)
                0x0000000008002290                __libc_init_array
 *(.glue_7)
 .glue_7        0x00000000080022d8        0x0 linker stubs
 *(.glue_7t)
 .glue_7t       0x00000000080022d8        0x0 linker stubs
 *(.eh_frame)
 .eh_frame      0x00000000080022d8        0x0 /opt/st/stm32cubeide_1.14.0/plugins/com.st.stm32cube.ide.mcu.externaltools.gnu-tools-for-stm32.11.3.rel1.linux64_1.1.100.202309141235/tools/bin/../lib/gcc/arm-none-eabi/11.3.1/thumb/v7e-m+dp/hard/crtbegin.o
 *(.init)
 .init          0x00000000080022d8        0x4 /opt/st/stm32cubeide_1.14.0/plugins/com.st.stm32cube.ide.mcu.externaltools.gnu-tools-for-stm32.11.3.rel1.linux64_1.1.100.202309141235/tools/bin/../lib/gcc/arm-none-eabi/11.3.1/thumb/v7e-m+dp/hard/crti.o
                0x00000000080022d8                _init
 .init          0x00000000080022dc        0x8 /opt/st/stm32cubeide_1.14.0/plugins/com.st.stm32cube.ide.mcu.externaltools.gnu-tools-for-stm32.11.3.rel1.linux64_1.1.100.202309141235/tools/bin/../lib/gcc/arm-none-eabi/11.3.1/thumb/v7e-m+dp/hard/crtn.o
 *(.fini)
 .fini          0x00000000080022e4        0x4 /opt/st/stm32cubeide_1.14.0/plugins/com.st.stm32cube.ide.mcu.externaltools.gnu-tools-for-stm32.11.3.rel1.linux64_1.1.100.202309141235/tools/bin/../lib/gcc/arm-none-eabi/11.3.1/thumb/v7e-m+dp/hard/crti.o
                0x00000000080022e4                _fini
 .fini          0x00000000080022e8        0x8 /opt/st/stm32cubeide_1.14.0/plugins/com.st.stm32cube.ide.mcu.externaltools.gnu-tools-for-stm32.11.3.rel1.linux64_1.1.100.202309141235/tools/bin/../lib/gcc/arm-none-eabi/11.3.1/thumb/v7e-m+dp/hard/crtn.o
                0x00000000080022f0                . = ALIGN (0x4)
                0x00000000080022f0                _etext = .

.vfp11_veneer   0x00000000080022f0        0x0
 .vfp11_veneer  0x00000000080022f0        0x0 linker stubs

.v4_bx          0x00000000080022f0        0x0
 .v4_bx         0x00000000080022f0        0x0 linker stubs

.iplt           0x00000000080022f0        0x0
 .iplt          0x00000000080022f0        0x0 /opt/st/stm32cubeide_1.14.0/plugins/com.st.stm32cube.ide.mcu.externaltools.gnu-tools-for-stm32.11.3.rel1.linux64_1.1.100.202309141235/tools/bin/../lib/gcc/arm-none-eabi/11.3.1/thumb/v7e-m+dp/hard/crtbegin.o

.rodata         0x00000000080022f0       0x18
                0x00000000080022f0                . = ALIGN (0x4)
 *(.rodata)
 *(.rodata*)
 .rodata.LED_PIN
                0x00000000080022f0        0x6 ./Drivers/BSP/STM32H745I_Nucleo/stm32h7xx_nucleo.o
 *fill*         0x00000000080022f6        0x2 
 .rodata.D1CorePrescTable
                0x00000000080022f8       0x10 ./Drivers/CMSIS/system_stm32h7xx.o
                0x00000000080022f8                D1CorePrescTable
                0x0000000008002308                . = ALIGN (0x4)

.rel.dyn        0x0000000008002308        0x0
 .rel.iplt      0x0000000008002308        0x0 /opt/st/stm32cubeide_1.14.0/plugins/com.st.stm32cube.ide.mcu.externaltools.gnu-tools-for-stm32.11.3.rel1.linux64_1.1.100.202309141235/tools/bin/../lib/gcc/arm-none-eabi/11.3.1/thumb/v7e-m+dp/hard/crtbegin.o

.ARM.extab
 *(.ARM.extab* .gnu.linkonce.armextab.*)

.ARM            0x0000000008002308        0x0
                0x0000000008002308                __exidx_start = .
 *(.ARM.exidx*)
                0x0000000008002308                __exidx_end = .

.preinit_array  0x0000000008002308        0x0
                0x0000000008002308                PROVIDE (__preinit_array_start = .)
 *(.preinit_array*)
                0x0000000008002308                PROVIDE (__preinit_array_end = .)

.init_array     0x0000000008002308        0x4
                0x0000000008002308                PROVIDE (__init_array_start = .)
 *(SORT_BY_NAME(.init_array.*))
 *(.init_array*)
 .init_array    0x0000000008002308        0x4 /opt/st/stm32cubeide_1.14.0/plugins/com.st.stm32cube.ide.mcu.externaltools.gnu-tools-for-stm32.11.3.rel1.linux64_1.1.100.202309141235/tools/bin/../lib/gcc/arm-none-eabi/11.3.1/thumb/v7e-m+dp/hard/crtbegin.o
                0x000000000800230c                PROVIDE (__init_array_end = .)

.fini_array     0x000000000800230c        0x4
                [!provide]                        PROVIDE (__fini_array_start = .)
 *(SORT_BY_NAME(.fini_array.*))
 *(.fini_array*)
 .fini_array    0x000000000800230c        0x4 /opt/st/stm32cubeide_1.14.0/plugins/com.st.stm32cube.ide.mcu.externaltools.gnu-tools-for-stm32.11.3.rel1.linux64_1.1.100.202309141235/tools/bin/../lib/gcc/arm-none-eabi/11.3.1/thumb/v7e-m+dp/hard/crtbegin.o
                [!provide]                        PROVIDE (__fini_array_end = .)
                0x0000000008002310                _sidata = LOADADDR (.data)

.data           0x0000000020000000       0x1c load address 0x0000000008002310
                0x0000000020000000                . = ALIGN (0x4)
                0x0000000020000000                _sdata = .
 *(.data)
 *(.data*)
 .data.LED_PORT
                0x0000000020000000        0xc ./Drivers/BSP/STM32H745I_Nucleo/stm32h7xx_nucleo.o
 .data.SystemCoreClock
                0x000000002000000c        0x4 ./Drivers/CMSIS/system_stm32h7xx.o
                0x000000002000000c                SystemCoreClock
 .data.SystemD2Clock
                0x0000000020000010        0x4 ./Drivers/CMSIS/system_stm32h7xx.o
                0x0000000020000010                SystemD2Clock
 .data.uwTickPrio
                0x0000000020000014        0x4 ./Drivers/STM32H7xx_HAL_Driver/stm32h7xx_hal.o
                0x0000000020000014                uwTickPrio
 .data.uwTickFreq
                0x0000000020000018        0x1 ./Drivers/STM32H7xx_HAL_Driver/stm32h7xx_hal.o
                0x0000000020000018                uwTickFreq
                0x000000002000001c                . = ALIGN (0x4)
 *fill*         0x0000000020000019        0x3 
                0x000000002000001c                _edata = .

.igot.plt       0x000000002000001c        0x0 load address 0x000000000800232c
 .igot.plt      0x000000002000001c        0x0 /opt/st/stm32cubeide_1.14.0/plugins/com.st.stm32cube.ide.mcu.externaltools.gnu-tools-for-stm32.11.3.rel1.linux64_1.1.100.202309141235/tools/bin/../lib/gcc/arm-none-eabi/11.3.1/thumb/v7e-m+dp/hard/crtbegin.o
                0x000000002000001c                . = ALIGN (0x4)

.bss            0x000000002000001c       0x20 load address 0x000000000800232c
                0x000000002000001c                _sbss = .
                0x000000002000001c                __bss_start__ = _sbss
 *(.bss)
 .bss           0x000000002000001c       0x1c /opt/st/stm32cubeide_1.14.0/plugins/com.st.stm32cube.ide.mcu.externaltools.gnu-tools-for-stm32.11.3.rel1.linux64_1.1.100.202309141235/tools/bin/../lib/gcc/arm-none-eabi/11.3.1/thumb/v7e-m+dp/hard/crtbegin.o
 *(.bss*)
 .bss.uwTick    0x0000000020000038        0x4 ./Drivers/STM32H7xx_HAL_Driver/stm32h7xx_hal.o
                0x0000000020000038                uwTick
 *(COMMON)
                0x000000002000003c                . = ALIGN (0x4)
                0x000000002000003c                _ebss = .
                0x000000002000003c                __bss_end__ = _ebss

._user_heap_stack
                0x000000002000003c      0x604 load address 0x000000000800232c
                0x0000000020000040                . = ALIGN (0x8)
 *fill*         0x000000002000003c        0x4 
                [!provide]                        PROVIDE (end = .)
                0x0000000020000040                PROVIDE (_end = .)
                0x0000000020000240                . = (. + _Min_Heap_Size)
 *fill*         0x0000000020000040      0x200 
                0x0000000020000640                . = (. + _Min_Stack_Size)
 *fill*         0x0000000020000240      0x400 
                0x0000000020000640                . = ALIGN (0x8)

/DISCARD/
 libc.a(*)
 libm.a(*)
 libgcc.a(*)

.ARM.attributes
                0x0000000000000000       0x2e
 *(.ARM.attributes)
 .ARM.attributes
                0x0000000000000000       0x1e /opt/st/stm32cubeide_1.14.0/plugins/com.st.stm32cube.ide.mcu.externaltools.gnu-tools-for-stm32.11.3.rel1.linux64_1.1.100.202309141235/tools/bin/../lib/gcc/arm-none-eabi/11.3.1/thumb/v7e-m+dp/hard/crti.o
 .ARM.attributes
                0x000000000000001e       0x32 /opt/st/stm32cubeide_1.14.0/plugins/com.st.stm32cube.ide.mcu.externaltools.gnu-tools-for-stm32.11.3.rel1.linux64_1.1.100.202309141235/tools/bin/../lib/gcc/arm-none-eabi/11.3.1/thumb/v7e-m+dp/hard/crtbegin.o
 .ARM.attributes
                0x0000000000000050       0x32 ./Drivers/BSP/STM32H745I_Nucleo/stm32h7xx_nucleo.o
 .ARM.attributes
                0x0000000000000082       0x32 ./Drivers/CMSIS/system_stm32h7xx.o
 .ARM.attributes
                0x00000000000000b4       0x32 ./Drivers/STM32H7xx_HAL_Driver/stm32h7xx_hal.o
 .ARM.attributes
                0x00000000000000e6       0x32 ./Drivers/STM32H7xx_HAL_Driver/stm32h7xx_hal_cortex.o
 .ARM.attributes
                0x0000000000000118       0x32 ./Drivers/STM32H7xx_HAL_Driver/stm32h7xx_hal_gpio.o
 .ARM.attributes
                0x000000000000014a       0x32 ./Drivers/STM32H7xx_HAL_Driver/stm32h7xx_hal_hsem.o
 .ARM.attributes
                0x000000000000017c       0x32 ./Drivers/STM32H7xx_HAL_Driver/stm32h7xx_hal_pwr_ex.o
 .ARM.attributes
                0x00000000000001ae       0x32 ./Drivers/STM32H7xx_HAL_Driver/stm32h7xx_hal_rcc.o
 .ARM.attributes
                0x00000000000001e0       0x32 ./Example/User/CM7/main.o
 .ARM.attributes
                0x0000000000000212       0x32 ./Example/User/CM7/stm32h7xx_it.o
 .ARM.attributes
                0x0000000000000244       0x21 ./Example/User/Startup/startup_stm32h745zitx.o
 .ARM.attributes
                0x0000000000000265       0x32 /opt/st/stm32cubeide_1.14.0/plugins/com.st.stm32cube.ide.mcu.externaltools.gnu-tools-for-stm32.11.3.rel1.linux64_1.1.100.202309141235/tools/bin/../lib/gcc/arm-none-eabi/11.3.1/../../../../arm-none-eabi/lib/thumb/v7e-m+dp/hard/libc_nano.a(libc_a-init.o)
 .ARM.attributes
                0x0000000000000297       0x1e /opt/st/stm32cubeide_1.14.0/plugins/com.st.stm32cube.ide.mcu.externaltools.gnu-tools-for-stm32.11.3.rel1.linux64_1.1.100.202309141235/tools/bin/../lib/gcc/arm-none-eabi/11.3.1/thumb/v7e-m+dp/hard/crtn.o
OUTPUT(GPIO_EXTI_CM7.elf elf32-littlearm)
LOAD linker stubs
LOAD /opt/st/stm32cubeide_1.14.0/plugins/com.st.stm32cube.ide.mcu.externaltools.gnu-tools-for-stm32.11.3.rel1.linux64_1.1.100.202309141235/tools/bin/../lib/gcc/arm-none-eabi/11.3.1/../../../../arm-none-eabi/lib/thumb/v7e-m+dp/hard/libc.a
LOAD /opt/st/stm32cubeide_1.14.0/plugins/com.st.stm32cube.ide.mcu.externaltools.gnu-tools-for-stm32.11.3.rel1.linux64_1.1.100.202309141235/tools/bin/../lib/gcc/arm-none-eabi/11.3.1/../../../../arm-none-eabi/lib/thumb/v7e-m+dp/hard/libm.a
LOAD /opt/st/stm32cubeide_1.14.0/plugins/com.st.stm32cube.ide.mcu.externaltools.gnu-tools-for-stm32.11.3.rel1.linux64_1.1.100.202309141235/tools/bin/../lib/gcc/arm-none-eabi/11.3.1/thumb/v7e-m+dp/hard/libgcc.a

.comment        0x0000000000000000       0x43
 .comment       0x0000000000000000       0x43 /opt/st/stm32cubeide_1.14.0/plugins/com.st.stm32cube.ide.mcu.externaltools.gnu-tools-for-stm32.11.3.rel1.linux64_1.1.100.202309141235/tools/bin/../lib/gcc/arm-none-eabi/11.3.1/thumb/v7e-m+dp/hard/crtbegin.o
                                         0x44 (size before relaxing)
 .comment       0x0000000000000043       0x44 ./Drivers/BSP/STM32H745I_Nucleo/stm32h7xx_nucleo.o
 .comment       0x0000000000000043       0x44 ./Drivers/CMSIS/system_stm32h7xx.o
 .comment       0x0000000000000043       0x44 ./Drivers/STM32H7xx_HAL_Driver/stm32h7xx_hal.o
 .comment       0x0000000000000043       0x44 ./Drivers/STM32H7xx_HAL_Driver/stm32h7xx_hal_cortex.o
 .comment       0x0000000000000043       0x44 ./Drivers/STM32H7xx_HAL_Driver/stm32h7xx_hal_gpio.o
 .comment       0x0000000000000043       0x44 ./Drivers/STM32H7xx_HAL_Driver/stm32h7xx_hal_hsem.o
 .comment       0x0000000000000043       0x44 ./Drivers/STM32H7xx_HAL_Driver/stm32h7xx_hal_pwr_ex.o
 .comment       0x0000000000000043       0x44 ./Drivers/STM32H7xx_HAL_Driver/stm32h7xx_hal_rcc.o
 .comment       0x0000000000000043       0x44 ./Example/User/CM7/main.o
 .comment       0x0000000000000043       0x44 ./Example/User/CM7/stm32h7xx_it.o

.debug_info     0x0000000000000000     0x961a
 .debug_info    0x0000000000000000     0x19f6 ./Drivers/BSP/STM32H745I_Nucleo/stm32h7xx_nucleo.o
 .debug_info    0x00000000000019f6      0xb12 ./Drivers/CMSIS/system_stm32h7xx.o
 .debug_info    0x0000000000002508     0x1774 ./Drivers/STM32H7xx_HAL_Driver/stm32h7xx_hal.o
 .debug_info    0x0000000000003c7c     0x107e ./Drivers/STM32H7xx_HAL_Driver/stm32h7xx_hal_cortex.o
 .debug_info    0x0000000000004cfa      0xcf7 ./Drivers/STM32H7xx_HAL_Driver/stm32h7xx_hal_gpio.o
 .debug_info    0x00000000000059f1      0x3d3 ./Drivers/STM32H7xx_HAL_Driver/stm32h7xx_hal_hsem.o
 .debug_info    0x0000000000005dc4     0x121b ./Drivers/STM32H7xx_HAL_Driver/stm32h7xx_hal_pwr_ex.o
 .debug_info    0x0000000000006fdf      0xe58 ./Drivers/STM32H7xx_HAL_Driver/stm32h7xx_hal_rcc.o
 .debug_info    0x0000000000007e37     0x165f ./Example/User/CM7/main.o
 .debug_info    0x0000000000009496      0x161 ./Example/User/CM7/stm32h7xx_it.o
 .debug_info    0x00000000000095f7       0x23 ./Example/User/Startup/startup_stm32h745zitx.o

.debug_abbrev   0x0000000000000000     0x1774
 .debug_abbrev  0x0000000000000000      0x323 ./Drivers/BSP/STM32H745I_Nucleo/stm32h7xx_nucleo.o
 .debug_abbrev  0x0000000000000323      0x139 ./Drivers/CMSIS/system_stm32h7xx.o
 .debug_abbrev  0x000000000000045c      0x295 ./Drivers/STM32H7xx_HAL_Driver/stm32h7xx_hal.o
 .debug_abbrev  0x00000000000006f1      0x339 ./Drivers/STM32H7xx_HAL_Driver/stm32h7xx_hal_cortex.o
 .debug_abbrev  0x0000000000000a2a      0x1fe ./Drivers/STM32H7xx_HAL_Driver/stm32h7xx_hal_gpio.o
 .debug_abbrev  0x0000000000000c28      0x1d3 ./Drivers/STM32H7xx_HAL_Driver/stm32h7xx_hal_hsem.o
 .debug_abbrev  0x0000000000000dfb      0x2d7 ./Drivers/STM32H7xx_HAL_Driver/stm32h7xx_hal_pwr_ex.o
 .debug_abbrev  0x00000000000010d2      0x2c8 ./Drivers/STM32H7xx_HAL_Driver/stm32h7xx_hal_rcc.o
 .debug_abbrev  0x000000000000139a      0x328 ./Example/User/CM7/main.o
 .debug_abbrev  0x00000000000016c2       0xa0 ./Example/User/CM7/stm32h7xx_it.o
 .debug_abbrev  0x0000000000001762       0x12 ./Example/User/Startup/startup_stm32h745zitx.o

.debug_aranges  0x0000000000000000      0x790
 .debug_aranges
                0x0000000000000000       0xa8 ./Drivers/BSP/STM32H745I_Nucleo/stm32h7xx_nucleo.o
 .debug_aranges
                0x00000000000000a8       0x28 ./Drivers/CMSIS/system_stm32h7xx.o
 .debug_aranges
                0x00000000000000d0      0x200 ./Drivers/STM32H7xx_HAL_Driver/stm32h7xx_hal.o
 .debug_aranges
                0x00000000000002d0      0x120 ./Drivers/STM32H7xx_HAL_Driver/stm32h7xx_hal_cortex.o
 .debug_aranges
                0x00000000000003f0       0x58 ./Drivers/STM32H7xx_HAL_Driver/stm32h7xx_hal_gpio.o
 .debug_aranges
                0x0000000000000448       0x70 ./Drivers/STM32H7xx_HAL_Driver/stm32h7xx_hal_hsem.o
 .debug_aranges
                0x00000000000004b8      0x170 ./Drivers/STM32H7xx_HAL_Driver/stm32h7xx_hal_pwr_ex.o
 .debug_aranges
                0x0000000000000628       0x88 ./Drivers/STM32H7xx_HAL_Driver/stm32h7xx_hal_rcc.o
 .debug_aranges
                0x00000000000006b0       0x50 ./Example/User/CM7/main.o
 .debug_aranges
                0x0000000000000700       0x68 ./Example/User/CM7/stm32h7xx_it.o
 .debug_aranges
                0x0000000000000768       0x28 ./Example/User/Startup/startup_stm32h745zitx.o

.debug_rnglists
                0x0000000000000000      0x594
 .debug_rnglists
                0x0000000000000000       0x7c ./Drivers/BSP/STM32H745I_Nucleo/stm32h7xx_nucleo.o
 .debug_rnglists
                0x000000000000007c       0x1b ./Drivers/CMSIS/system_stm32h7xx.o
 .debug_rnglists
                0x0000000000000097      0x180 ./Drivers/STM32H7xx_HAL_Driver/stm32h7xx_hal.o
 .debug_rnglists
                0x0000000000000217       0xd4 ./Drivers/STM32H7xx_HAL_Driver/stm32h7xx_hal_cortex.o
 .debug_rnglists
                0x00000000000002eb       0x3f ./Drivers/STM32H7xx_HAL_Driver/stm32h7xx_hal_gpio.o
 .debug_rnglists
                0x000000000000032a       0x4f ./Drivers/STM32H7xx_HAL_Driver/stm32h7xx_hal_hsem.o
 .debug_rnglists
                0x0000000000000379      0x117 ./Drivers/STM32H7xx_HAL_Driver/stm32h7xx_hal_pwr_ex.o
 .debug_rnglists
                0x0000000000000490       0x68 ./Drivers/STM32H7xx_HAL_Driver/stm32h7xx_hal_rcc.o
 .debug_rnglists
                0x00000000000004f8       0x3a ./Example/User/CM7/main.o
 .debug_rnglists
                0x0000000000000532       0x49 ./Example/User/CM7/stm32h7xx_it.o
 .debug_rnglists
                0x000000000000057b       0x19 ./Example/User/Startup/startup_stm32h745zitx.o

.debug_macro    0x0000000000000000    0x396ea
 .debug_macro   0x0000000000000000      0x2d4 ./Drivers/BSP/STM32H745I_Nucleo/stm32h7xx_nucleo.o
 .debug_macro   0x00000000000002d4      0xacc ./Drivers/BSP/STM32H745I_Nucleo/stm32h7xx_nucleo.o
 .debug_macro   0x0000000000000da0       0xd9 ./Drivers/BSP/STM32H745I_Nucleo/stm32h7xx_nucleo.o
 .debug_macro   0x0000000000000e79       0x2e ./Drivers/BSP/STM32H745I_Nucleo/stm32h7xx_nucleo.o
 .debug_macro   0x0000000000000ea7       0x49 ./Drivers/BSP/STM32H745I_Nucleo/stm32h7xx_nucleo.o
 .debug_macro   0x0000000000000ef0       0x22 ./Drivers/BSP/STM32H745I_Nucleo/stm32h7xx_nucleo.o
 .debug_macro   0x0000000000000f12       0x8e ./Drivers/BSP/STM32H745I_Nucleo/stm32h7xx_nucleo.o
 .debug_macro   0x0000000000000fa0       0x51 ./Drivers/BSP/STM32H745I_Nucleo/stm32h7xx_nucleo.o
 .debug_macro   0x0000000000000ff1      0x103 ./Drivers/BSP/STM32H745I_Nucleo/stm32h7xx_nucleo.o
 .debug_macro   0x00000000000010f4       0x6a ./Drivers/BSP/STM32H745I_Nucleo/stm32h7xx_nucleo.o
 .debug_macro   0x000000000000115e      0x1df ./Drivers/BSP/STM32H745I_Nucleo/stm32h7xx_nucleo.o
 .debug_macro   0x000000000000133d       0x1c ./Drivers/BSP/STM32H745I_Nucleo/stm32h7xx_nucleo.o
 .debug_macro   0x0000000000001359       0x22 ./Drivers/BSP/STM32H745I_Nucleo/stm32h7xx_nucleo.o
 .debug_macro   0x000000000000137b       0xfb ./Drivers/BSP/STM32H745I_Nucleo/stm32h7xx_nucleo.o
 .debug_macro   0x0000000000001476     0x1305 ./Drivers/BSP/STM32H745I_Nucleo/stm32h7xx_nucleo.o
 .debug_macro   0x000000000000277b      0x11f ./Drivers/BSP/STM32H745I_Nucleo/stm32h7xx_nucleo.o
 .debug_macro   0x000000000000289a       0x27 ./Drivers/BSP/STM32H745I_Nucleo/stm32h7xx_nucleo.o
 .debug_macro   0x00000000000028c1    0x26d4a ./Drivers/BSP/STM32H745I_Nucleo/stm32h7xx_nucleo.o
 .debug_macro   0x000000000002960b       0x6d ./Drivers/BSP/STM32H745I_Nucleo/stm32h7xx_nucleo.o
 .debug_macro   0x0000000000029678     0x3d5d ./Drivers/BSP/STM32H745I_Nucleo/stm32h7xx_nucleo.o
 .debug_macro   0x000000000002d3d5      0x174 ./Drivers/BSP/STM32H745I_Nucleo/stm32h7xx_nucleo.o
 .debug_macro   0x000000000002d549       0x61 ./Drivers/BSP/STM32H745I_Nucleo/stm32h7xx_nucleo.o
 .debug_macro   0x000000000002d5aa       0x29 ./Drivers/BSP/STM32H745I_Nucleo/stm32h7xx_nucleo.o
 .debug_macro   0x000000000002d5d3       0x43 ./Drivers/BSP/STM32H745I_Nucleo/stm32h7xx_nucleo.o
 .debug_macro   0x000000000002d616       0x34 ./Drivers/BSP/STM32H745I_Nucleo/stm32h7xx_nucleo.o
 .debug_macro   0x000000000002d64a       0x16 ./Drivers/BSP/STM32H745I_Nucleo/stm32h7xx_nucleo.o
 .debug_macro   0x000000000002d660       0x43 ./Drivers/BSP/STM32H745I_Nucleo/stm32h7xx_nucleo.o
 .debug_macro   0x000000000002d6a3       0x34 ./Drivers/BSP/STM32H745I_Nucleo/stm32h7xx_nucleo.o
 .debug_macro   0x000000000002d6d7       0x10 ./Drivers/BSP/STM32H745I_Nucleo/stm32h7xx_nucleo.o
 .debug_macro   0x000000000002d6e7       0x58 ./Drivers/BSP/STM32H745I_Nucleo/stm32h7xx_nucleo.o
 .debug_macro   0x000000000002d73f       0x8e ./Drivers/BSP/STM32H745I_Nucleo/stm32h7xx_nucleo.o
 .debug_macro   0x000000000002d7cd       0x1c ./Drivers/BSP/STM32H745I_Nucleo/stm32h7xx_nucleo.o
 .debug_macro   0x000000000002d7e9      0x177 ./Drivers/BSP/STM32H745I_Nucleo/stm32h7xx_nucleo.o
 .debug_macro   0x000000000002d960      0x369 ./Drivers/BSP/STM32H745I_Nucleo/stm32h7xx_nucleo.o
 .debug_macro   0x000000000002dcc9      0x19b ./Drivers/BSP/STM32H745I_Nucleo/stm32h7xx_nucleo.o
 .debug_macro   0x000000000002de64       0x5d ./Drivers/BSP/STM32H745I_Nucleo/stm32h7xx_nucleo.o
 .debug_macro   0x000000000002dec1     0x3a9d ./Drivers/BSP/STM32H745I_Nucleo/stm32h7xx_nucleo.o
 .debug_macro   0x000000000003195e     0x1072 ./Drivers/BSP/STM32H745I_Nucleo/stm32h7xx_nucleo.o
 .debug_macro   0x00000000000329d0      0x154 ./Drivers/BSP/STM32H745I_Nucleo/stm32h7xx_nucleo.o
 .debug_macro   0x0000000000032b24      0x130 ./Drivers/BSP/STM32H745I_Nucleo/stm32h7xx_nucleo.o
 .debug_macro   0x0000000000032c54      0x3be ./Drivers/BSP/STM32H745I_Nucleo/stm32h7xx_nucleo.o
 .debug_macro   0x0000000000033012       0xac ./Drivers/BSP/STM32H745I_Nucleo/stm32h7xx_nucleo.o
 .debug_macro   0x00000000000330be      0x72d ./Drivers/BSP/STM32H745I_Nucleo/stm32h7xx_nucleo.o
 .debug_macro   0x00000000000337eb      0x228 ./Drivers/BSP/STM32H745I_Nucleo/stm32h7xx_nucleo.o
 .debug_macro   0x0000000000033a13       0x66 ./Drivers/BSP/STM32H745I_Nucleo/stm32h7xx_nucleo.o
 .debug_macro   0x0000000000033a79      0x407 ./Drivers/BSP/STM32H745I_Nucleo/stm32h7xx_nucleo.o
 .debug_macro   0x0000000000033e80      0x27c ./Drivers/BSP/STM32H745I_Nucleo/stm32h7xx_nucleo.o
 .debug_macro   0x00000000000340fc     0x1044 ./Drivers/BSP/STM32H745I_Nucleo/stm32h7xx_nucleo.o
 .debug_macro   0x0000000000035140      0x6cc ./Drivers/BSP/STM32H745I_Nucleo/stm32h7xx_nucleo.o
 .debug_macro   0x000000000003580c      0x36e ./Drivers/BSP/STM32H745I_Nucleo/stm32h7xx_nucleo.o
 .debug_macro   0x0000000000035b7a      0x3ca ./Drivers/BSP/STM32H745I_Nucleo/stm32h7xx_nucleo.o
 .debug_macro   0x0000000000035f44      0x4a2 ./Drivers/BSP/STM32H745I_Nucleo/stm32h7xx_nucleo.o
 .debug_macro   0x00000000000363e6       0x51 ./Drivers/BSP/STM32H745I_Nucleo/stm32h7xx_nucleo.o
 .debug_macro   0x0000000000036437       0x4a ./Drivers/BSP/STM32H745I_Nucleo/stm32h7xx_nucleo.o
 .debug_macro   0x0000000000036481      0x22c ./Drivers/BSP/STM32H745I_Nucleo/stm32h7xx_nucleo.o
 .debug_macro   0x00000000000366ad       0x67 ./Drivers/BSP/STM32H745I_Nucleo/stm32h7xx_nucleo.o
 .debug_macro   0x0000000000036714       0xa5 ./Drivers/BSP/STM32H745I_Nucleo/stm32h7xx_nucleo.o
 .debug_macro   0x00000000000367b9      0x218 ./Drivers/BSP/STM32H745I_Nucleo/stm32h7xx_nucleo.o
 .debug_macro   0x00000000000369d1      0x2ea ./Drivers/BSP/STM32H745I_Nucleo/stm32h7xx_nucleo.o
 .debug_macro   0x0000000000036cbb       0x35 ./Drivers/BSP/STM32H745I_Nucleo/stm32h7xx_nucleo.o
 .debug_macro   0x0000000000036cf0      0x693 ./Drivers/BSP/STM32H745I_Nucleo/stm32h7xx_nucleo.o
 .debug_macro   0x0000000000037383       0xa6 ./Drivers/BSP/STM32H745I_Nucleo/stm32h7xx_nucleo.o
 .debug_macro   0x0000000000037429      0x798 ./Drivers/BSP/STM32H745I_Nucleo/stm32h7xx_nucleo.o
 .debug_macro   0x0000000000037bc1       0x28 ./Drivers/BSP/STM32H745I_Nucleo/stm32h7xx_nucleo.o
 .debug_macro   0x0000000000037be9       0x52 ./Drivers/BSP/STM32H745I_Nucleo/stm32h7xx_nucleo.o
 .debug_macro   0x0000000000037c3b      0x137 ./Drivers/BSP/STM32H745I_Nucleo/stm32h7xx_nucleo.o
 .debug_macro   0x0000000000037d72      0x2b3 ./Drivers/CMSIS/system_stm32h7xx.o
 .debug_macro   0x0000000000038025      0x2d7 ./Drivers/STM32H7xx_HAL_Driver/stm32h7xx_hal.o
 .debug_macro   0x00000000000382fc      0x2ad ./Drivers/STM32H7xx_HAL_Driver/stm32h7xx_hal_cortex.o
 .debug_macro   0x00000000000385a9      0x2c1 ./Drivers/STM32H7xx_HAL_Driver/stm32h7xx_hal_gpio.o
 .debug_macro   0x000000000003886a      0x2bf ./Drivers/STM32H7xx_HAL_Driver/stm32h7xx_hal_hsem.o
 .debug_macro   0x0000000000038b29      0x2e6 ./Drivers/STM32H7xx_HAL_Driver/stm32h7xx_hal_pwr_ex.o
 .debug_macro   0x0000000000038e0f      0x2d1 ./Drivers/STM32H7xx_HAL_Driver/stm32h7xx_hal_rcc.o
 .debug_macro   0x00000000000390e0      0x2e1 ./Example/User/CM7/main.o
 .debug_macro   0x00000000000393c1       0x2e ./Example/User/CM7/main.o
 .debug_macro   0x00000000000393ef       0x10 ./Example/User/CM7/main.o
 .debug_macro   0x00000000000393ff      0x2eb ./Example/User/CM7/stm32h7xx_it.o

.debug_line     0x0000000000000000     0x83af
 .debug_line    0x0000000000000000      0xc24 ./Drivers/BSP/STM32H745I_Nucleo/stm32h7xx_nucleo.o
 .debug_line    0x0000000000000c24      0x9f2 ./Drivers/CMSIS/system_stm32h7xx.o
 .debug_line    0x0000000000001616      0xf65 ./Drivers/STM32H7xx_HAL_Driver/stm32h7xx_hal.o
 .debug_line    0x000000000000257b      0xe1b ./Drivers/STM32H7xx_HAL_Driver/stm32h7xx_hal_cortex.o
 .debug_line    0x0000000000003396      0xccc ./Drivers/STM32H7xx_HAL_Driver/stm32h7xx_hal_gpio.o
 .debug_line    0x0000000000004062      0x9cb ./Drivers/STM32H7xx_HAL_Driver/stm32h7xx_hal_hsem.o
 .debug_line    0x0000000000004a2d     0x1036 ./Drivers/STM32H7xx_HAL_Driver/stm32h7xx_hal_pwr_ex.o
 .debug_line    0x0000000000005a63     0x13d9 ./Drivers/STM32H7xx_HAL_Driver/stm32h7xx_hal_rcc.o
 .debug_line    0x0000000000006e3c      0xb39 ./Example/User/CM7/main.o
 .debug_line    0x0000000000007975      0x9c0 ./Example/User/CM7/stm32h7xx_it.o
 .debug_line    0x0000000000008335       0x7a ./Example/User/Startup/startup_stm32h745zitx.o

.debug_str      0x0000000000000000   0x18661d
 .debug_str     0x0000000000000000   0x18442e ./Drivers/BSP/STM32H745I_Nucleo/stm32h7xx_nucleo.o
                                     0x184b74 (size before relaxing)
 .debug_str     0x000000000018442e      0x2b0 ./Drivers/CMSIS/system_stm32h7xx.o
                                     0x183191 (size before relaxing)
 .debug_str     0x00000000001846de      0xa19 ./Drivers/STM32H7xx_HAL_Driver/stm32h7xx_hal.o
                                     0x18436e (size before relaxing)
 .debug_str     0x00000000001850f7      0x350 ./Drivers/STM32H7xx_HAL_Driver/stm32h7xx_hal_cortex.o
                                     0x183b9d (size before relaxing)
 .debug_str     0x0000000000185447      0x124 ./Drivers/STM32H7xx_HAL_Driver/stm32h7xx_hal_gpio.o
                                     0x18326f (size before relaxing)
 .debug_str     0x000000000018556b      0x230 ./Drivers/STM32H7xx_HAL_Driver/stm32h7xx_hal_hsem.o
                                     0x182efa (size before relaxing)
 .debug_str     0x000000000018579b      0x6fd ./Drivers/STM32H7xx_HAL_Driver/stm32h7xx_hal_pwr_ex.o
                                     0x18377a (size before relaxing)
 .debug_str     0x0000000000185e98      0x53d ./Drivers/STM32H7xx_HAL_Driver/stm32h7xx_hal_rcc.o
                                     0x1835f0 (size before relaxing)
 .debug_str     0x00000000001863d5      0x114 ./Example/User/CM7/main.o
                                     0x1846ee (size before relaxing)
 .debug_str     0x00000000001864e9       0xf8 ./Example/User/CM7/stm32h7xx_it.o
                                     0x183662 (size before relaxing)
 .debug_str     0x00000000001865e1       0x3c ./Example/User/Startup/startup_stm32h745zitx.o
                                         0x7d (size before relaxing)

.debug_frame    0x0000000000000000     0x1d2c
 .debug_frame   0x0000000000000000      0x290 ./Drivers/BSP/STM32H745I_Nucleo/stm32h7xx_nucleo.o
 .debug_frame   0x0000000000000290       0x58 ./Drivers/CMSIS/system_stm32h7xx.o
 .debug_frame   0x00000000000002e8      0x848 ./Drivers/STM32H7xx_HAL_Driver/stm32h7xx_hal.o
 .debug_frame   0x0000000000000b30      0x4b8 ./Drivers/STM32H7xx_HAL_Driver/stm32h7xx_hal_cortex.o
 .debug_frame   0x0000000000000fe8      0x14c ./Drivers/STM32H7xx_HAL_Driver/stm32h7xx_hal_gpio.o
 .debug_frame   0x0000000000001134      0x1bc ./Drivers/STM32H7xx_HAL_Driver/stm32h7xx_hal_hsem.o
 .debug_frame   0x00000000000012f0      0x5ec ./Drivers/STM32H7xx_HAL_Driver/stm32h7xx_hal_pwr_ex.o
 .debug_frame   0x00000000000018dc      0x1f8 ./Drivers/STM32H7xx_HAL_Driver/stm32h7xx_hal_rcc.o
 .debug_frame   0x0000000000001ad4      0x104 ./Example/User/CM7/main.o
 .debug_frame   0x0000000000001bd8      0x128 ./Example/User/CM7/stm32h7xx_it.o
 .debug_frame   0x0000000000001d00       0x2c /opt/st/stm32cubeide_1.14.0/plugins/com.st.stm32cube.ide.mcu.externaltools.gnu-tools-for-stm32.11.3.rel1.linux64_1.1.100.202309141235/tools/bin/../lib/gcc/arm-none-eabi/11.3.1/../../../../arm-none-eabi/lib/thumb/v7e-m+dp/hard/libc_nano.a(libc_a-init.o)

.debug_line_str
                0x0000000000000000       0x71
 .debug_line_str
                0x0000000000000000       0x71 ./Example/User/Startup/startup_stm32h745zitx.o
                                         0x89 (size before relaxing)
