
There are no discarded input sections

Memory Configuration

Name             Origin             Length             Attributes
FLASH            0x08000000         0x00100000         xr
RAM              0x20000000         0x00020000         xrw
ITCMRAM          0x00000000         0x00010000         xrw
*default*        0x00000000         0xffffffff

Linker script and memory map

LOAD build/src/startup_stm32h7.o
LOAD build/src/main.o
                0x20020000                        _estack = (ORIGIN (RAM) + LENGTH (RAM))

.isr_vector     0x08000000      0x110
                0x08000000                        . = ALIGN (0x4)
 *(.isr_vector)
 .isr_vector    0x08000000      0x110 build/src/startup_stm32h7.o
                0x08000000                vectors
                0x08000110                        . = ALIGN (0x4)

.text           0x08000110      0x218
                0x08000110                        . = ALIGN (0x4)
 *(.text)
 .text          0x08000110       0xbc build/src/startup_stm32h7.o
                0x08000110                Reset_Handler
                0x08000154                memcpy
                0x08000192                memset
 .text          0x080001cc      0x15c build/src/main.o
                0x08000264                SysTick_Handler
                0x08000280                ms_delay
                0x080002b4                main
 *(.text*)
                0x08000328                        . = ALIGN (0x4)
                0x08000328                        _etext = .

.glue_7         0x08000328        0x0
 .glue_7        0x08000328        0x0 linker stubs

.glue_7t        0x08000328        0x0
 .glue_7t       0x08000328        0x0 linker stubs

.vfp11_veneer   0x08000328        0x0
 .vfp11_veneer  0x08000328        0x0 linker stubs

.v4_bx          0x08000328        0x0
 .v4_bx         0x08000328        0x0 linker stubs

.iplt           0x08000328        0x0
 .iplt          0x08000328        0x0 build/src/startup_stm32h7.o

.rel.dyn        0x08000328        0x0
 .rel.iplt      0x08000328        0x0 build/src/startup_stm32h7.o

.rodata         0x08000328        0x0
                0x08000328                        . = ALIGN (0x4)
 *(.rodata)
 *(.rodata*)
                0x08000328                        . = ALIGN (0x4)
                0x08000328                        _la_data = LOADADDR (.data)

.data           0x20000000        0x0 load address 0x08000328
                0x20000000                        . = ALIGN (0x4)
                0x20000000                        _sdata = .
 *(.data)
 .data          0x20000000        0x0 build/src/startup_stm32h7.o
 .data          0x20000000        0x0 build/src/main.o
 *(.data*)
                0x20000000                        . = ALIGN (0x4)
                0x20000000                        _edata = .

.igot.plt       0x20000000        0x0 load address 0x08000328
 .igot.plt      0x20000000        0x0 build/src/startup_stm32h7.o
                0x20000000                        . = ALIGN (0x4)

.bss            0x20000000        0x4 load address 0x08000328
                0x20000000                        _sbss = .
 *(.bss)
 .bss           0x20000000        0x0 build/src/startup_stm32h7.o
 .bss           0x20000000        0x4 build/src/main.o
                0x20000000                msTicks
 *(.bss*)
 *(COMMON)
                0x20000004                        . = ALIGN (0x4)
                0x20000004                        _ebss = .

/DISCARD/
 libc.a(*)
 libm.a(*)
 libgcc.a(*)
OUTPUT(build/blink.elf elf32-littlearm)
LOAD linker stubs
LOAD /opt/arm-gnu-toolchain/bin/../lib/gcc/arm-none-eabi/13.2.1/../../../../arm-none-eabi/lib/thumb/v7e-m+dp/hard/libc.a
LOAD /opt/arm-gnu-toolchain/bin/../lib/gcc/arm-none-eabi/13.2.1/../../../../arm-none-eabi/lib/thumb/v7e-m+dp/hard/libm.a
LOAD /opt/arm-gnu-toolchain/bin/../lib/gcc/arm-none-eabi/13.2.1/thumb/v7e-m+dp/hard/libgcc.a

.debug_info     0x00000000     0x126d
 .debug_info    0x00000000      0x20a build/src/startup_stm32h7.o
 .debug_info    0x0000020a     0x1063 build/src/main.o

.debug_abbrev   0x00000000      0x307
 .debug_abbrev  0x00000000      0x131 build/src/startup_stm32h7.o
 .debug_abbrev  0x00000131      0x1d6 build/src/main.o

.debug_loc      0x00000000      0x2b8
 .debug_loc     0x00000000       0xe4 build/src/startup_stm32h7.o
 .debug_loc     0x000000e4      0x1d4 build/src/main.o

.debug_aranges  0x00000000       0x40
 .debug_aranges
                0x00000000       0x20 build/src/startup_stm32h7.o
 .debug_aranges
                0x00000020       0x20 build/src/main.o

.debug_line     0x00000000      0x2b1
 .debug_line    0x00000000      0x121 build/src/startup_stm32h7.o
 .debug_line    0x00000121      0x190 build/src/main.o

.debug_str      0x00000000      0xe05
 .debug_str     0x00000000      0xe05 build/src/startup_stm32h7.o
                                0x1cf (size before relaxing)
 .debug_str     0x00000e05      0xe14 build/src/main.o

.comment        0x00000000       0x44
 .comment       0x00000000       0x44 build/src/startup_stm32h7.o
                                 0x45 (size before relaxing)
 .comment       0x00000044       0x45 build/src/main.o

.ARM.attributes
                0x00000000       0x32
 .ARM.attributes
                0x00000000       0x32 build/src/startup_stm32h7.o
 .ARM.attributes
                0x00000032       0x32 build/src/main.o

.debug_frame    0x00000000      0x164
 .debug_frame   0x00000000       0x7c build/src/startup_stm32h7.o
 .debug_frame   0x0000007c       0xe8 build/src/main.o
