Archive member included to satisfy reference by file (symbol)

/opt/st/stm32cubeide_1.14.0/plugins/com.st.stm32cube.ide.mcu.externaltools.gnu-tools-for-stm32.11.3.rel1.linux64_1.1.100.202309141235/tools/bin/../lib/gcc/arm-none-eabi/11.3.1/../../../../arm-none-eabi/lib/thumb/v7e-m+fp/hard/libc_nano.a(libc_a-exit.o)
                              /opt/st/stm32cubeide_1.14.0/plugins/com.st.stm32cube.ide.mcu.externaltools.gnu-tools-for-stm32.11.3.rel1.linux64_1.1.100.202309141235/tools/bin/../lib/gcc/arm-none-eabi/11.3.1/../../../../arm-none-eabi/lib/thumb/v7e-m+fp/hard/crt0.o (exit)
/opt/st/stm32cubeide_1.14.0/plugins/com.st.stm32cube.ide.mcu.externaltools.gnu-tools-for-stm32.11.3.rel1.linux64_1.1.100.202309141235/tools/bin/../lib/gcc/arm-none-eabi/11.3.1/../../../../arm-none-eabi/lib/thumb/v7e-m+fp/hard/libc_nano.a(libc_a-findfp.o)
                              /opt/st/stm32cubeide_1.14.0/plugins/com.st.stm32cube.ide.mcu.externaltools.gnu-tools-for-stm32.11.3.rel1.linux64_1.1.100.202309141235/tools/bin/../lib/gcc/arm-none-eabi/11.3.1/../../../../arm-none-eabi/lib/thumb/v7e-m+fp/hard/libc_nano.a(libc_a-exit.o) (__stdio_exit_handler)
/opt/st/stm32cubeide_1.14.0/plugins/com.st.stm32cube.ide.mcu.externaltools.gnu-tools-for-stm32.11.3.rel1.linux64_1.1.100.202309141235/tools/bin/../lib/gcc/arm-none-eabi/11.3.1/../../../../arm-none-eabi/lib/thumb/v7e-m+fp/hard/libc_nano.a(libc_a-fwalk.o)
                              /opt/st/stm32cubeide_1.14.0/plugins/com.st.stm32cube.ide.mcu.externaltools.gnu-tools-for-stm32.11.3.rel1.linux64_1.1.100.202309141235/tools/bin/../lib/gcc/arm-none-eabi/11.3.1/../../../../arm-none-eabi/lib/thumb/v7e-m+fp/hard/libc_nano.a(libc_a-findfp.o) (_fwalk_sglue)
/opt/st/stm32cubeide_1.14.0/plugins/com.st.stm32cube.ide.mcu.externaltools.gnu-tools-for-stm32.11.3.rel1.linux64_1.1.100.202309141235/tools/bin/../lib/gcc/arm-none-eabi/11.3.1/../../../../arm-none-eabi/lib/thumb/v7e-m+fp/hard/libc_nano.a(libc_a-stdio.o)
                              /opt/st/stm32cubeide_1.14.0/plugins/com.st.stm32cube.ide.mcu.externaltools.gnu-tools-for-stm32.11.3.rel1.linux64_1.1.100.202309141235/tools/bin/../lib/gcc/arm-none-eabi/11.3.1/../../../../arm-none-eabi/lib/thumb/v7e-m+fp/hard/libc_nano.a(libc_a-findfp.o) (__sread)
/opt/st/stm32cubeide_1.14.0/plugins/com.st.stm32cube.ide.mcu.externaltools.gnu-tools-for-stm32.11.3.rel1.linux64_1.1.100.202309141235/tools/bin/../lib/gcc/arm-none-eabi/11.3.1/../../../../arm-none-eabi/lib/thumb/v7e-m+fp/hard/libc_nano.a(libc_a-memset.o)
                              /opt/st/stm32cubeide_1.14.0/plugins/com.st.stm32cube.ide.mcu.externaltools.gnu-tools-for-stm32.11.3.rel1.linux64_1.1.100.202309141235/tools/bin/../lib/gcc/arm-none-eabi/11.3.1/../../../../arm-none-eabi/lib/thumb/v7e-m+fp/hard/crt0.o (memset)
/opt/st/stm32cubeide_1.14.0/plugins/com.st.stm32cube.ide.mcu.externaltools.gnu-tools-for-stm32.11.3.rel1.linux64_1.1.100.202309141235/tools/bin/../lib/gcc/arm-none-eabi/11.3.1/../../../../arm-none-eabi/lib/thumb/v7e-m+fp/hard/libc_nano.a(libc_a-closer.o)
                              /opt/st/stm32cubeide_1.14.0/plugins/com.st.stm32cube.ide.mcu.externaltools.gnu-tools-for-stm32.11.3.rel1.linux64_1.1.100.202309141235/tools/bin/../lib/gcc/arm-none-eabi/11.3.1/../../../../arm-none-eabi/lib/thumb/v7e-m+fp/hard/libc_nano.a(libc_a-stdio.o) (_close_r)
/opt/st/stm32cubeide_1.14.0/plugins/com.st.stm32cube.ide.mcu.externaltools.gnu-tools-for-stm32.11.3.rel1.linux64_1.1.100.202309141235/tools/bin/../lib/gcc/arm-none-eabi/11.3.1/../../../../arm-none-eabi/lib/thumb/v7e-m+fp/hard/libc_nano.a(libc_a-reent.o)
                              /opt/st/stm32cubeide_1.14.0/plugins/com.st.stm32cube.ide.mcu.externaltools.gnu-tools-for-stm32.11.3.rel1.linux64_1.1.100.202309141235/tools/bin/../lib/gcc/arm-none-eabi/11.3.1/../../../../arm-none-eabi/lib/thumb/v7e-m+fp/hard/libc_nano.a(libc_a-closer.o) (errno)
/opt/st/stm32cubeide_1.14.0/plugins/com.st.stm32cube.ide.mcu.externaltools.gnu-tools-for-stm32.11.3.rel1.linux64_1.1.100.202309141235/tools/bin/../lib/gcc/arm-none-eabi/11.3.1/../../../../arm-none-eabi/lib/thumb/v7e-m+fp/hard/libc_nano.a(libc_a-impure.o)
                              /opt/st/stm32cubeide_1.14.0/plugins/com.st.stm32cube.ide.mcu.externaltools.gnu-tools-for-stm32.11.3.rel1.linux64_1.1.100.202309141235/tools/bin/../lib/gcc/arm-none-eabi/11.3.1/../../../../arm-none-eabi/lib/thumb/v7e-m+fp/hard/libc_nano.a(libc_a-reent.o) (_impure_ptr)
/opt/st/stm32cubeide_1.14.0/plugins/com.st.stm32cube.ide.mcu.externaltools.gnu-tools-for-stm32.11.3.rel1.linux64_1.1.100.202309141235/tools/bin/../lib/gcc/arm-none-eabi/11.3.1/../../../../arm-none-eabi/lib/thumb/v7e-m+fp/hard/libc_nano.a(libc_a-lseekr.o)
                              /opt/st/stm32cubeide_1.14.0/plugins/com.st.stm32cube.ide.mcu.externaltools.gnu-tools-for-stm32.11.3.rel1.linux64_1.1.100.202309141235/tools/bin/../lib/gcc/arm-none-eabi/11.3.1/../../../../arm-none-eabi/lib/thumb/v7e-m+fp/hard/libc_nano.a(libc_a-stdio.o) (_lseek_r)
[...]
Memory Configuration

Name             Origin             Length             Attributes
FLASH            0x0000000008100000 0x0000000000100000 xr
RAM              0x0000000010000000 0x0000000000048000 xrw
*default*        0x0000000000000000 0xffffffffffffffff

Linker script and memory map

LOAD /opt/st/stm32cubeide_1.14.0/plugins/com.st.stm32cube.ide.mcu.externaltools.gnu-tools-for-stm32.11.3.rel1.linux64_1.1.100.202309141235/tools/bin/../lib/gcc/arm-none-eabi/11.3.1/thumb/v7e-m+fp/hard/crti.o
LOAD /opt/st/stm32cubeide_1.14.0/plugins/com.st.stm32cube.ide.mcu.externaltools.gnu-tools-for-stm32.11.3.rel1.linux64_1.1.100.202309141235/tools/bin/../lib/gcc/arm-none-eabi/11.3.1/thumb/v7e-m+fp/hard/crtbegin.o
LOAD /opt/st/stm32cubeide_1.14.0/plugins/com.st.stm32cube.ide.mcu.externaltools.gnu-tools-for-stm32.11.3.rel1.linux64_1.1.100.202309141235/tools/bin/../lib/gcc/arm-none-eabi/11.3.1/../../../../arm-none-eabi/lib/thumb/v7e-m+fp/hard/crt0.o
LOAD ./Drivers/BSP/STM32H745I_Nucleo/stm32h7xx_nucleo.o
LOAD ./Drivers/CMSIS/system_stm32h7xx.o
LOAD ./Drivers/STM32H7xx_HAL_Driver/stm32h7xx_hal.o
LOAD ./Drivers/STM32H7xx_HAL_Driver/stm32h7xx_hal_adc.o
LOAD ./Drivers/STM32H7xx_HAL_Driver/stm32h7xx_hal_adc_ex.o
LOAD ./Drivers/STM32H7xx_HAL_Driver/stm32h7xx_hal_cortex.o
LOAD ./Drivers/STM32H7xx_HAL_Driver/stm32h7xx_hal_dma.o
LOAD ./Drivers/STM32H7xx_HAL_Driver/stm32h7xx_hal_dma_ex.o
LOAD ./Drivers/STM32H7xx_HAL_Driver/stm32h7xx_hal_exti.o
LOAD ./Drivers/STM32H7xx_HAL_Driver/stm32h7xx_hal_gpio.o
LOAD ./Drivers/STM32H7xx_HAL_Driver/stm32h7xx_hal_hsem.o
LOAD ./Drivers/STM32H7xx_HAL_Driver/stm32h7xx_hal_i2c.o
LOAD ./Drivers/STM32H7xx_HAL_Driver/stm32h7xx_hal_i2c_ex.o
LOAD ./Drivers/STM32H7xx_HAL_Driver/stm32h7xx_hal_pwr.o
LOAD ./Drivers/STM32H7xx_HAL_Driver/stm32h7xx_hal_pwr_ex.o
LOAD ./Drivers/STM32H7xx_HAL_Driver/stm32h7xx_hal_rcc.o
LOAD ./Drivers/STM32H7xx_HAL_Driver/stm32h7xx_hal_rcc_ex.o
LOAD ./Drivers/STM32H7xx_HAL_Driver/stm32h7xx_hal_uart.o
LOAD ./Drivers/STM32H7xx_HAL_Driver/stm32h7xx_hal_uart_ex.o
LOAD ./Example/User/CM4/main.o
LOAD ./Example/User/CM4/stm32h7xx_it.o
LOAD ./Example/User/CM4/syscalls.o
LOAD ./Example/User/CM4/sysmem.o
LOAD ./Example/User/Startup/startup_stm32h745zitx.o
START GROUP
LOAD /opt/st/stm32cubeide_1.14.0/plugins/com.st.stm32cube.ide.mcu.externaltools.gnu-tools-for-stm32.11.3.rel1.linux64_1.1.100.202309141235/tools/bin/../lib/gcc/arm-none-eabi/11.3.1/../../../../arm-none-eabi/lib/thumb/v7e-m+fp/hard/libc_nano.a
LOAD /opt/st/stm32cubeide_1.14.0/plugins/com.st.stm32cube.ide.mcu.externaltools.gnu-tools-for-stm32.11.3.rel1.linux64_1.1.100.202309141235/tools/bin/../lib/gcc/arm-none-eabi/11.3.1/../../../../arm-none-eabi/lib/thumb/v7e-m+fp/hard/libm.a
END GROUP
START GROUP
LOAD /opt/st/stm32cubeide_1.14.0/plugins/com.st.stm32cube.ide.mcu.externaltools.gnu-tools-for-stm32.11.3.rel1.linux64_1.1.100.202309141235/tools/bin/../lib/gcc/arm-none-eabi/11.3.1/thumb/v7e-m+fp/hard/libgcc.a
LOAD /opt/st/stm32cubeide_1.14.0/plugins/com.st.stm32cube.ide.mcu.externaltools.gnu-tools-for-stm32.11.3.rel1.linux64_1.1.100.202309141235/tools/bin/../lib/gcc/arm-none-eabi/11.3.1/../../../../arm-none-eabi/lib/thumb/v7e-m+fp/hard/libc_nano.a
END GROUP
START GROUP
LOAD /opt/st/stm32cubeide_1.14.0/plugins/com.st.stm32cube.ide.mcu.externaltools.gnu-tools-for-stm32.11.3.rel1.linux64_1.1.100.202309141235/tools/bin/../lib/gcc/arm-none-eabi/11.3.1/thumb/v7e-m+fp/hard/libgcc.a
LOAD /opt/st/stm32cubeide_1.14.0/plugins/com.st.stm32cube.ide.mcu.externaltools.gnu-tools-for-stm32.11.3.rel1.linux64_1.1.100.202309141235/tools/bin/../lib/gcc/arm-none-eabi/11.3.1/../../../../arm-none-eabi/lib/thumb/v7e-m+fp/hard/libc_nano.a
LOAD /opt/st/stm32cubeide_1.14.0/plugins/com.st.stm32cube.ide.mcu.externaltools.gnu-tools-for-stm32.11.3.rel1.linux64_1.1.100.202309141235/tools/bin/../lib/gcc/arm-none-eabi/11.3.1/../../../../arm-none-eabi/lib/thumb/v7e-m+fp/hard/libnosys.a
END GROUP
START GROUP
LOAD /opt/st/stm32cubeide_1.14.0/plugins/com.st.stm32cube.ide.mcu.externaltools.gnu-tools-for-stm32.11.3.rel1.linux64_1.1.100.202309141235/tools/bin/../lib/gcc/arm-none-eabi/11.3.1/thumb/v7e-m+fp/hard/libgcc.a
LOAD /opt/st/stm32cubeide_1.14.0/plugins/com.st.stm32cube.ide.mcu.externaltools.gnu-tools-for-stm32.11.3.rel1.linux64_1.1.100.202309141235/tools/bin/../lib/gcc/arm-none-eabi/11.3.1/../../../../arm-none-eabi/lib/thumb/v7e-m+fp/hard/libc_nano.a
LOAD /opt/st/stm32cubeide_1.14.0/plugins/com.st.stm32cube.ide.mcu.externaltools.gnu-tools-for-stm32.11.3.rel1.linux64_1.1.100.202309141235/tools/bin/../lib/gcc/arm-none-eabi/11.3.1/../../../../arm-none-eabi/lib/thumb/v7e-m+fp/hard/libnosys.a
END GROUP
LOAD /opt/st/stm32cubeide_1.14.0/plugins/com.st.stm32cube.ide.mcu.externaltools.gnu-tools-for-stm32.11.3.rel1.linux64_1.1.100.202309141235/tools/bin/../lib/gcc/arm-none-eabi/11.3.1/thumb/v7e-m+fp/hard/crtend.o
LOAD /opt/st/stm32cubeide_1.14.0/plugins/com.st.stm32cube.ide.mcu.externaltools.gnu-tools-for-stm32.11.3.rel1.linux64_1.1.100.202309141235/tools/bin/../lib/gcc/arm-none-eabi/11.3.1/thumb/v7e-m+fp/hard/crtn.o
                0x0000000010048000                _estack = 0x10048000
                0x0000000000000200                _Min_Heap_Size = 0x200
                0x0000000000000400                _Min_Stack_Size = 0x400

.isr_vector     0x0000000008100000      0x298
                0x0000000008100000                . = ALIGN (0x4)
 *(.isr_vector)
 .isr_vector    0x0000000008100000      0x298 ./Example/User/Startup/startup_stm32h745zitx.o
                0x0000000008100000                g_pfnVectors
                0x0000000008100298                . = ALIGN (0x4)

.text           0x0000000008100298      0xf54
                0x0000000008100298                . = ALIGN (0x4)
 *(.text)
 .text          0x0000000008100298       0x40 /opt/st/stm32cubeide_1.14.0/plugins/com.st.stm32cube.ide.mcu.externaltools.gnu-tools-for-stm32.11.3.rel1.linux64_1.1.100.202309141235/tools/bin/../lib/gcc/arm-none-eabi/11.3.1/thumb/v7e-m+fp/hard/crtbegin.o
 *(.text*)
 .text.BSP_LED_Init
                0x00000000081002d8       0xec ./Drivers/BSP/STM32H745I_Nucleo/stm32h7xx_nucleo.o
                0x00000000081002d8                BSP_LED_Init
 .text.BSP_LED_Toggle
                0x00000000081003c4       0x54 ./Drivers/BSP/STM32H745I_Nucleo/stm32h7xx_nucleo.o
                0x00000000081003c4                BSP_LED_Toggle
 .text.SystemInit
                0x0000000008100418       0x38 ./Drivers/CMSIS/system_stm32h7xx.o
                0x0000000008100418                SystemInit
 .text.HAL_Init
                0x0000000008100450       0xbc ./Drivers/STM32H7xx_HAL_Driver/stm32h7xx_hal.o
                0x0000000008100450                HAL_Init
 .text.HAL_MspInit
                0x000000000810050c        0xe ./Drivers/STM32H7xx_HAL_Driver/stm32h7xx_hal.o
                0x000000000810050c                HAL_MspInit
 *fill*         0x000000000810051a        0x2 
 .text.HAL_InitTick
                0x000000000810051c       0x6c ./Drivers/STM32H7xx_HAL_Driver/stm32h7xx_hal.o
                0x000000000810051c                HAL_InitTick
 .text.HAL_IncTick
                0x0000000008100588       0x28 ./Drivers/STM32H7xx_HAL_Driver/stm32h7xx_hal.o
                0x0000000008100588                HAL_IncTick
 .text.__NVIC_SetPriorityGrouping
                0x00000000081005b0       0x48 ./Drivers/STM32H7xx_HAL_Driver/stm32h7xx_hal_cortex.o
 .text.__NVIC_GetPriorityGrouping
                0x00000000081005f8       0x1c ./Drivers/STM32H7xx_HAL_Driver/stm32h7xx_hal_cortex.o
 .text.__NVIC_EnableIRQ
                0x0000000008100614       0x3c ./Drivers/STM32H7xx_HAL_Driver/stm32h7xx_hal_cortex.o
 .text.__NVIC_SetPriority
                0x0000000008100650       0x54 ./Drivers/STM32H7xx_HAL_Driver/stm32h7xx_hal_cortex.o
 .text.NVIC_EncodePriority
                0x00000000081006a4       0x66 ./Drivers/STM32H7xx_HAL_Driver/stm32h7xx_hal_cortex.o
 *fill*         0x000000000810070a        0x2 
 .text.SysTick_Config
                0x000000000810070c       0x44 ./Drivers/STM32H7xx_HAL_Driver/stm32h7xx_hal_cortex.o
 .text.HAL_NVIC_SetPriorityGrouping
                0x0000000008100750       0x16 ./Drivers/STM32H7xx_HAL_Driver/stm32h7xx_hal_cortex.o
                0x0000000008100750                HAL_NVIC_SetPriorityGrouping
 .text.HAL_NVIC_SetPriority
                0x0000000008100766       0x34 ./Drivers/STM32H7xx_HAL_Driver/stm32h7xx_hal_cortex.o
                0x0000000008100766                HAL_NVIC_SetPriority
 .text.HAL_NVIC_EnableIRQ
                0x000000000810079a       0x1c ./Drivers/STM32H7xx_HAL_Driver/stm32h7xx_hal_cortex.o
                0x000000000810079a                HAL_NVIC_EnableIRQ
 .text.HAL_SYSTICK_Config
                0x00000000081007b6       0x18 ./Drivers/STM32H7xx_HAL_Driver/stm32h7xx_hal_cortex.o
                0x00000000081007b6                HAL_SYSTICK_Config
 *fill*         0x00000000081007ce        0x2 
 .text.HAL_GetCurrentCPUID
                0x00000000081007d0       0x28 ./Drivers/STM32H7xx_HAL_Driver/stm32h7xx_hal_cortex.o
                0x00000000081007d0                HAL_GetCurrentCPUID
 .text.HAL_GPIO_Init
                0x00000000081007f8      0x360 ./Drivers/STM32H7xx_HAL_Driver/stm32h7xx_hal_gpio.o
                0x00000000081007f8                HAL_GPIO_Init
 .text.HAL_GPIO_WritePin
                0x0000000008100b58       0x32 ./Drivers/STM32H7xx_HAL_Driver/stm32h7xx_hal_gpio.o
                0x0000000008100b58                HAL_GPIO_WritePin
 .text.HAL_GPIO_TogglePin
                0x0000000008100b8a       0x34 ./Drivers/STM32H7xx_HAL_Driver/stm32h7xx_hal_gpio.o
                0x0000000008100b8a                HAL_GPIO_TogglePin
 .text.HAL_GPIO_EXTI_IRQHandler
                0x0000000008100bbe       0x34 ./Drivers/STM32H7xx_HAL_Driver/stm32h7xx_hal_gpio.o
                0x0000000008100bbe                HAL_GPIO_EXTI_IRQHandler
 *fill*         0x0000000008100bf2        0x2 
 .text.HAL_HSEM_ActivateNotification
                0x0000000008100bf4       0x24 ./Drivers/STM32H7xx_HAL_Driver/stm32h7xx_hal_hsem.o
                0x0000000008100bf4                HAL_HSEM_ActivateNotification
 .text.HAL_PWREx_EnterSTOPMode
                0x0000000008100c18       0xf4 ./Drivers/STM32H7xx_HAL_Driver/stm32h7xx_hal_pwr_ex.o
                0x0000000008100c18                HAL_PWREx_EnterSTOPMode
 .text.HAL_PWREx_ClearPendingEvent
                0x0000000008100d0c       0x1a ./Drivers/STM32H7xx_HAL_Driver/stm32h7xx_hal_pwr_ex.o
                0x0000000008100d0c                HAL_PWREx_ClearPendingEvent
 *fill*         0x0000000008100d26        0x2 
 .text.HAL_RCC_GetSysClockFreq
                0x0000000008100d28      0x2f4 ./Drivers/STM32H7xx_HAL_Driver/stm32h7xx_hal_rcc.o
                0x0000000008100d28                HAL_RCC_GetSysClockFreq
 .text.main     0x000000000810101c       0x90 ./Example/User/CM4/main.o
                0x000000000810101c                main
 .text.HAL_GPIO_EXTI_Callback
                0x00000000081010ac       0x20 ./Example/User/CM4/main.o
                0x00000000081010ac                HAL_GPIO_EXTI_Callback
 .text.NMI_Handler
                0x00000000081010cc        0xe ./Example/User/CM4/stm32h7xx_it.o
                0x00000000081010cc                NMI_Handler
 .text.HardFault_Handler
                0x00000000081010da        0x6 ./Example/User/CM4/stm32h7xx_it.o
                0x00000000081010da                HardFault_Handler
 .text.MemManage_Handler
                0x00000000081010e0        0x6 ./Example/User/CM4/stm32h7xx_it.o
                0x00000000081010e0                MemManage_Handler
 .text.BusFault_Handler
                0x00000000081010e6        0x6 ./Example/User/CM4/stm32h7xx_it.o
                0x00000000081010e6                BusFault_Handler
 .text.UsageFault_Handler
                0x00000000081010ec        0x6 ./Example/User/CM4/stm32h7xx_it.o
                0x00000000081010ec                UsageFault_Handler
 .text.SVC_Handler
                0x00000000081010f2        0xe ./Example/User/CM4/stm32h7xx_it.o
                0x00000000081010f2                SVC_Handler
 .text.DebugMon_Handler
                0x0000000008101100        0xe ./Example/User/CM4/stm32h7xx_it.o
                0x0000000008101100                DebugMon_Handler
 .text.PendSV_Handler
                0x000000000810110e        0xe ./Example/User/CM4/stm32h7xx_it.o
                0x000000000810110e                PendSV_Handler
 .text.SysTick_Handler
                0x000000000810111c        0xc ./Example/User/CM4/stm32h7xx_it.o
                0x000000000810111c                SysTick_Handler
 .text.EXTI15_10_IRQHandler
                0x0000000008101128       0x10 ./Example/User/CM4/stm32h7xx_it.o
                0x0000000008101128                EXTI15_10_IRQHandler
 .text.Reset_Handler
                0x0000000008101138       0x50 ./Example/User/Startup/startup_stm32h745zitx.o
                0x0000000008101138                Reset_Handler
 .text.Default_Handler
                0x0000000008101188        0x2 ./Example/User/Startup/startup_stm32h745zitx.o
                0x0000000008101188                RTC_Alarm_IRQHandler
                0x0000000008101188                EXTI2_IRQHandler
                0x0000000008101188                TIM8_CC_IRQHandler
                0x0000000008101188                HRTIM1_Master_IRQHandler
                0x0000000008101188                UART8_IRQHandler
                0x0000000008101188                SPI4_IRQHandler
                0x0000000008101188                TIM1_CC_IRQHandler
                0x0000000008101188                BDMA_Channel6_IRQHandler
                0x0000000008101188                DMA2_Stream5_IRQHandler
                0x0000000008101188                HRTIM1_FLT_IRQHandler
                0x0000000008101188                JPEG_IRQHandler
                0x0000000008101188                DMA1_Stream5_IRQHandler
                0x0000000008101188                BDMA_Channel1_IRQHandler
                0x0000000008101188                HRTIM1_TIMD_IRQHandler
                0x0000000008101188                TAMP_STAMP_IRQHandler
                0x0000000008101188                EXTI3_IRQHandler
                0x0000000008101188                LPTIM4_IRQHandler
                0x0000000008101188                TIM8_TRG_COM_TIM14_IRQHandler
                0x0000000008101188                LPTIM2_IRQHandler
                0x0000000008101188                DFSDM1_FLT1_IRQHandler
                0x0000000008101188                DMAMUX2_OVR_IRQHandler
                0x0000000008101188                TIM8_UP_TIM13_IRQHandler
                0x0000000008101188                I2C3_ER_IRQHandler
                0x0000000008101188                DFSDM1_FLT2_IRQHandler
                0x0000000008101188                MDMA_IRQHandler
                0x0000000008101188                LPTIM3_IRQHandler
                0x0000000008101188                HSEM1_IRQHandler
                0x0000000008101188                EXTI0_IRQHandler
                0x0000000008101188                I2C2_EV_IRQHandler
                0x0000000008101188                DMA1_Stream2_IRQHandler
                0x0000000008101188                FPU_IRQHandler
                0x0000000008101188                OTG_HS_WKUP_IRQHandler
                0x0000000008101188                FDCAN1_IT1_IRQHandler
                0x0000000008101188                LTDC_ER_IRQHandler
                0x0000000008101188                DMA2_Stream2_IRQHandler
                0x0000000008101188                HRTIM1_TIME_IRQHandler
                0x0000000008101188                SPI1_IRQHandler
                0x0000000008101188                TIM6_DAC_IRQHandler
                0x0000000008101188                DCMI_IRQHandler
                0x0000000008101188                HRTIM1_TIMC_IRQHandler
                0x0000000008101188                DMA2_Stream3_IRQHandler
                0x0000000008101188                SAI2_IRQHandler
                0x0000000008101188                DFSDM1_FLT3_IRQHandler
                0x0000000008101188                USART6_IRQHandler
                0x0000000008101188                TIM17_IRQHandler
                0x0000000008101188                USART3_IRQHandler
                0x0000000008101188                BDMA_Channel7_IRQHandler
                0x0000000008101188                LPTIM5_IRQHandler
                0x0000000008101188                UART5_IRQHandler
                0x0000000008101188                ADC3_IRQHandler
                0x0000000008101188                DMA2_Stream0_IRQHandler
                0x0000000008101188                TIM4_IRQHandler
                0x0000000008101188                BDMA_Channel2_IRQHandler
                0x0000000008101188                QUADSPI_IRQHandler
                0x0000000008101188                I2C1_EV_IRQHandler
                0x0000000008101188                DMA1_Stream6_IRQHandler
                0x0000000008101188                DMAMUX1_OVR_IRQHandler
                0x0000000008101188                DMA1_Stream1_IRQHandler
                0x0000000008101188                TIM16_IRQHandler
                0x0000000008101188                UART4_IRQHandler
                0x0000000008101188                BDMA_Channel5_IRQHandler
                0x0000000008101188                TIM3_IRQHandler
                0x0000000008101188                RCC_IRQHandler
                0x0000000008101188                TIM8_BRK_TIM12_IRQHandler
                0x0000000008101188                TIM1_TRG_COM_IRQHandler
                0x0000000008101188                Default_Handler
                0x0000000008101188                ECC_IRQHandler
                0x0000000008101188                CEC_IRQHandler
                0x0000000008101188                BDMA_Channel0_IRQHandler
                0x0000000008101188                ADC_IRQHandler
                0x0000000008101188                DMA1_Stream7_IRQHandler
                0x0000000008101188                HRTIM1_TIMA_IRQHandler
                0x0000000008101188                SPI5_IRQHandler
                0x0000000008101188                TIM7_IRQHandler
                0x0000000008101188                SDMMC1_IRQHandler
                0x0000000008101188                TIM5_IRQHandler
                0x0000000008101188                DMA2_Stream7_IRQHandler
                0x0000000008101188                TIM15_IRQHandler
                0x0000000008101188                PVD_AVD_IRQHandler
                0x0000000008101188                I2C3_EV_IRQHandler
                0x0000000008101188                EXTI9_5_IRQHandler
                0x0000000008101188                RTC_WKUP_IRQHandler
                0x0000000008101188                LTDC_IRQHandler
                0x0000000008101188                SAI3_IRQHandler
                0x0000000008101188                ETH_WKUP_IRQHandler
                0x0000000008101188                SPDIF_RX_IRQHandler
                0x0000000008101188                SPI2_IRQHandler
                0x0000000008101188                OTG_HS_EP1_IN_IRQHandler
                0x0000000008101188                DMA1_Stream0_IRQHandler
                0x0000000008101188                CRS_IRQHandler
                0x0000000008101188                CM7_SEV_IRQHandler
                0x0000000008101188                EXTI4_IRQHandler
                0x0000000008101188                RNG_IRQHandler
                0x0000000008101188                CM4_SEV_IRQHandler
                0x0000000008101188                HRTIM1_TIMB_IRQHandler
                0x0000000008101188                FDCAN2_IT1_IRQHandler
                0x0000000008101188                ETH_IRQHandler
                0x0000000008101188                TIM1_UP_IRQHandler
                0x0000000008101188                WWDG_RST_IRQHandler
                0x0000000008101188                BDMA_Channel4_IRQHandler
                0x0000000008101188                OTG_HS_EP1_OUT_IRQHandler
                0x0000000008101188                WWDG_IRQHandler
                0x0000000008101188                SPI6_IRQHandler
                0x0000000008101188                MDIOS_IRQHandler
                0x0000000008101188                I2C4_EV_IRQHandler
                0x0000000008101188                FDCAN2_IT0_IRQHandler
                0x0000000008101188                LPUART1_IRQHandler
                0x0000000008101188                FDCAN1_IT0_IRQHandler
                0x0000000008101188                TIM2_IRQHandler
                0x0000000008101188                OTG_FS_WKUP_IRQHandler
                0x0000000008101188                OTG_HS_IRQHandler
                0x0000000008101188                HSEM2_IRQHandler
                0x0000000008101188                DMA2D_IRQHandler
                0x0000000008101188                TIM1_BRK_IRQHandler
                0x0000000008101188                EXTI1_IRQHandler
                0x0000000008101188                SDMMC2_IRQHandler
                0x0000000008101188                OTG_FS_EP1_OUT_IRQHandler
                0x0000000008101188                BDMA_Channel3_IRQHandler
                0x0000000008101188                HOLD_CORE_IRQHandler
                0x0000000008101188                UART7_IRQHandler
                0x0000000008101188                MDIOS_WKUP_IRQHandler
                0x0000000008101188                USART2_IRQHandler
                0x0000000008101188                DFSDM1_FLT0_IRQHandler
                0x0000000008101188                SAI4_IRQHandler
                0x0000000008101188                I2C2_ER_IRQHandler
                0x0000000008101188                DMA2_Stream1_IRQHandler
                0x0000000008101188                FLASH_IRQHandler
                0x0000000008101188                DMA2_Stream4_IRQHandler
                0x0000000008101188                USART1_IRQHandler
                0x0000000008101188                OTG_FS_IRQHandler
                0x0000000008101188                SPI3_IRQHandler
                0x0000000008101188                WAKEUP_PIN_IRQHandler
                0x0000000008101188                DMA1_Stream4_IRQHandler
                0x0000000008101188                OTG_FS_EP1_IN_IRQHandler
                0x0000000008101188                I2C1_ER_IRQHandler
                0x0000000008101188                FMC_IRQHandler
                0x0000000008101188                FDCAN_CAL_IRQHandler
                0x0000000008101188                SWPMI1_IRQHandler
                0x0000000008101188                COMP1_IRQHandler
                0x0000000008101188                LPTIM1_IRQHandler
                0x0000000008101188                I2C4_ER_IRQHandler
                0x0000000008101188                DMA2_Stream6_IRQHandler
                0x0000000008101188                SAI1_IRQHandler
                0x0000000008101188                DMA1_Stream3_IRQHandler
 *fill*         0x000000000810118a        0x2 
 .text.__libc_init_array
                0x000000000810118c       0x48 /opt/st/stm32cubeide_1.14.0/plugins/com.st.stm32cube.ide.mcu.externaltools.gnu-tools-for-stm32.11.3.rel1.linux64_1.1.100.202309141235/tools/bin/../lib/gcc/arm-none-eabi/11.3.1/../../../../arm-none-eabi/lib/thumb/v7e-m+fp/hard/libc_nano.a(libc_a-init.o)
                0x000000000810118c                __libc_init_array
 *(.glue_7)
 .glue_7        0x00000000081011d4        0x0 linker stubs
 *(.glue_7t)
 .glue_7t       0x00000000081011d4        0x0 linker stubs
 *(.eh_frame)
 .eh_frame      0x00000000081011d4        0x0 /opt/st/stm32cubeide_1.14.0/plugins/com.st.stm32cube.ide.mcu.externaltools.gnu-tools-for-stm32.11.3.rel1.linux64_1.1.100.202309141235/tools/bin/../lib/gcc/arm-none-eabi/11.3.1/thumb/v7e-m+fp/hard/crtbegin.o
 *(.init)
 .init          0x00000000081011d4        0x4 /opt/st/stm32cubeide_1.14.0/plugins/com.st.stm32cube.ide.mcu.externaltools.gnu-tools-for-stm32.11.3.rel1.linux64_1.1.100.202309141235/tools/bin/../lib/gcc/arm-none-eabi/11.3.1/thumb/v7e-m+fp/hard/crti.o
                0x00000000081011d4                _init
 .init          0x00000000081011d8        0x8 /opt/st/stm32cubeide_1.14.0/plugins/com.st.stm32cube.ide.mcu.externaltools.gnu-tools-for-stm32.11.3.rel1.linux64_1.1.100.202309141235/tools/bin/../lib/gcc/arm-none-eabi/11.3.1/thumb/v7e-m+fp/hard/crtn.o
 *(.fini)
 .fini          0x00000000081011e0        0x4 /opt/st/stm32cubeide_1.14.0/plugins/com.st.stm32cube.ide.mcu.externaltools.gnu-tools-for-stm32.11.3.rel1.linux64_1.1.100.202309141235/tools/bin/../lib/gcc/arm-none-eabi/11.3.1/thumb/v7e-m+fp/hard/crti.o
                0x00000000081011e0                _fini
 .fini          0x00000000081011e4        0x8 /opt/st/stm32cubeide_1.14.0/plugins/com.st.stm32cube.ide.mcu.externaltools.gnu-tools-for-stm32.11.3.rel1.linux64_1.1.100.202309141235/tools/bin/../lib/gcc/arm-none-eabi/11.3.1/thumb/v7e-m+fp/hard/crtn.o
                0x00000000081011ec                . = ALIGN (0x4)
                0x00000000081011ec                _etext = .

.vfp11_veneer   0x00000000081011ec        0x0
 .vfp11_veneer  0x00000000081011ec        0x0 linker stubs

.v4_bx          0x00000000081011ec        0x0
 .v4_bx         0x00000000081011ec        0x0 linker stubs

.iplt           0x00000000081011ec        0x0
 .iplt          0x00000000081011ec        0x0 /opt/st/stm32cubeide_1.14.0/plugins/com.st.stm32cube.ide.mcu.externaltools.gnu-tools-for-stm32.11.3.rel1.linux64_1.1.100.202309141235/tools/bin/../lib/gcc/arm-none-eabi/11.3.1/thumb/v7e-m+fp/hard/crtbegin.o

.rodata         0x00000000081011ec       0x18
                0x00000000081011ec                . = ALIGN (0x4)
 *(.rodata)
 *(.rodata*)
 .rodata.LED_PIN
                0x00000000081011ec        0x6 ./Drivers/BSP/STM32H745I_Nucleo/stm32h7xx_nucleo.o
 *fill*         0x00000000081011f2        0x2 
 .rodata.D1CorePrescTable
                0x00000000081011f4       0x10 ./Drivers/CMSIS/system_stm32h7xx.o
                0x00000000081011f4                D1CorePrescTable
                0x0000000008101204                . = ALIGN (0x4)

.rel.dyn        0x0000000008101204        0x0
 .rel.iplt      0x0000000008101204        0x0 /opt/st/stm32cubeide_1.14.0/plugins/com.st.stm32cube.ide.mcu.externaltools.gnu-tools-for-stm32.11.3.rel1.linux64_1.1.100.202309141235/tools/bin/../lib/gcc/arm-none-eabi/11.3.1/thumb/v7e-m+fp/hard/crtbegin.o

.ARM.extab
 *(.ARM.extab* .gnu.linkonce.armextab.*)

.ARM            0x0000000008101204        0x0
                0x0000000008101204                __exidx_start = .
 *(.ARM.exidx*)
                0x0000000008101204                __exidx_end = .

.preinit_array  0x0000000008101204        0x0
                0x0000000008101204                PROVIDE (__preinit_array_start = .)
 *(.preinit_array*)
                0x0000000008101204                PROVIDE (__preinit_array_end = .)

.init_array     0x0000000008101204        0x4
                0x0000000008101204                PROVIDE (__init_array_start = .)
 *(SORT_BY_NAME(.init_array.*))
 *(.init_array*)
 .init_array    0x0000000008101204        0x4 /opt/st/stm32cubeide_1.14.0/plugins/com.st.stm32cube.ide.mcu.externaltools.gnu-tools-for-stm32.11.3.rel1.linux64_1.1.100.202309141235/tools/bin/../lib/gcc/arm-none-eabi/11.3.1/thumb/v7e-m+fp/hard/crtbegin.o
                0x0000000008101208                PROVIDE (__init_array_end = .)

.fini_array     0x0000000008101208        0x4
                [!provide]                        PROVIDE (__fini_array_start = .)
 *(SORT_BY_NAME(.fini_array.*))
 *(.fini_array*)
 .fini_array    0x0000000008101208        0x4 /opt/st/stm32cubeide_1.14.0/plugins/com.st.stm32cube.ide.mcu.externaltools.gnu-tools-for-stm32.11.3.rel1.linux64_1.1.100.202309141235/tools/bin/../lib/gcc/arm-none-eabi/11.3.1/thumb/v7e-m+fp/hard/crtbegin.o
                [!provide]                        PROVIDE (__fini_array_end = .)
                0x000000000810120c                _sidata = LOADADDR (.data)

.data           0x0000000010000000       0x1c load address 0x000000000810120c
                0x0000000010000000                . = ALIGN (0x4)
                0x0000000010000000                _sdata = .
 *(.data)
 *(.data*)
 .data.LED_PORT
                0x0000000010000000        0xc ./Drivers/BSP/STM32H745I_Nucleo/stm32h7xx_nucleo.o
 .data.SystemCoreClock
                0x000000001000000c        0x4 ./Drivers/CMSIS/system_stm32h7xx.o
                0x000000001000000c                SystemCoreClock
 .data.SystemD2Clock
                0x0000000010000010        0x4 ./Drivers/CMSIS/system_stm32h7xx.o
                0x0000000010000010                SystemD2Clock
 .data.uwTickPrio
                0x0000000010000014        0x4 ./Drivers/STM32H7xx_HAL_Driver/stm32h7xx_hal.o
                0x0000000010000014                uwTickPrio
 .data.uwTickFreq
                0x0000000010000018        0x1 ./Drivers/STM32H7xx_HAL_Driver/stm32h7xx_hal.o
                0x0000000010000018                uwTickFreq
                0x000000001000001c                . = ALIGN (0x4)
 *fill*         0x0000000010000019        0x3 
                0x000000001000001c                _edata = .

.igot.plt       0x000000001000001c        0x0 load address 0x0000000008101228
 .igot.plt      0x000000001000001c        0x0 /opt/st/stm32cubeide_1.14.0/plugins/com.st.stm32cube.ide.mcu.externaltools.gnu-tools-for-stm32.11.3.rel1.linux64_1.1.100.202309141235/tools/bin/../lib/gcc/arm-none-eabi/11.3.1/thumb/v7e-m+fp/hard/crtbegin.o
                0x000000001000001c                . = ALIGN (0x4)

.bss            0x000000001000001c       0x20 load address 0x0000000008101228
                0x000000001000001c                _sbss = .
                0x000000001000001c                __bss_start__ = _sbss
 *(.bss)
 .bss           0x000000001000001c       0x1c /opt/st/stm32cubeide_1.14.0/plugins/com.st.stm32cube.ide.mcu.externaltools.gnu-tools-for-stm32.11.3.rel1.linux64_1.1.100.202309141235/tools/bin/../lib/gcc/arm-none-eabi/11.3.1/thumb/v7e-m+fp/hard/crtbegin.o
 *(.bss*)
 .bss.uwTick    0x0000000010000038        0x4 ./Drivers/STM32H7xx_HAL_Driver/stm32h7xx_hal.o
                0x0000000010000038                uwTick
 *(COMMON)
                0x000000001000003c                . = ALIGN (0x4)
                0x000000001000003c                _ebss = .
                0x000000001000003c                __bss_end__ = _ebss

._user_heap_stack
                0x000000001000003c      0x604 load address 0x0000000008101228
                0x0000000010000040                . = ALIGN (0x8)
 *fill*         0x000000001000003c        0x4 
                [!provide]                        PROVIDE (end = .)
                0x0000000010000040                PROVIDE (_end = .)
                0x0000000010000240                . = (. + _Min_Heap_Size)
 *fill*         0x0000000010000040      0x200 
                0x0000000010000640                . = (. + _Min_Stack_Size)
 *fill*         0x0000000010000240      0x400 
                0x0000000010000640                . = ALIGN (0x8)

/DISCARD/
 libc.a(*)
 libm.a(*)
 libgcc.a(*)

.ARM.attributes
                0x0000000000000000       0x30
 *(.ARM.attributes)
 .ARM.attributes
                0x0000000000000000       0x1e /opt/st/stm32cubeide_1.14.0/plugins/com.st.stm32cube.ide.mcu.externaltools.gnu-tools-for-stm32.11.3.rel1.linux64_1.1.100.202309141235/tools/bin/../lib/gcc/arm-none-eabi/11.3.1/thumb/v7e-m+fp/hard/crti.o
 .ARM.attributes
                0x000000000000001e       0x34 /opt/st/stm32cubeide_1.14.0/plugins/com.st.stm32cube.ide.mcu.externaltools.gnu-tools-for-stm32.11.3.rel1.linux64_1.1.100.202309141235/tools/bin/../lib/gcc/arm-none-eabi/11.3.1/thumb/v7e-m+fp/hard/crtbegin.o
 .ARM.attributes
                0x0000000000000052       0x34 ./Drivers/BSP/STM32H745I_Nucleo/stm32h7xx_nucleo.o
 .ARM.attributes
                0x0000000000000086       0x34 ./Drivers/CMSIS/system_stm32h7xx.o
 .ARM.attributes
                0x00000000000000ba       0x34 ./Drivers/STM32H7xx_HAL_Driver/stm32h7xx_hal.o
 .ARM.attributes
                0x00000000000000ee       0x34 ./Drivers/STM32H7xx_HAL_Driver/stm32h7xx_hal_cortex.o
 .ARM.attributes
                0x0000000000000122       0x34 ./Drivers/STM32H7xx_HAL_Driver/stm32h7xx_hal_gpio.o
 .ARM.attributes
                0x0000000000000156       0x34 ./Drivers/STM32H7xx_HAL_Driver/stm32h7xx_hal_hsem.o
 .ARM.attributes
                0x000000000000018a       0x34 ./Drivers/STM32H7xx_HAL_Driver/stm32h7xx_hal_pwr_ex.o
 .ARM.attributes
                0x00000000000001be       0x34 ./Drivers/STM32H7xx_HAL_Driver/stm32h7xx_hal_rcc.o
 .ARM.attributes
                0x00000000000001f2       0x34 ./Example/User/CM4/main.o
 .ARM.attributes
                0x0000000000000226       0x34 ./Example/User/CM4/stm32h7xx_it.o
 .ARM.attributes
                0x000000000000025a       0x21 ./Example/User/Startup/startup_stm32h745zitx.o
 .ARM.attributes
                0x000000000000027b       0x34 /opt/st/stm32cubeide_1.14.0/plugins/com.st.stm32cube.ide.mcu.externaltools.gnu-tools-for-stm32.11.3.rel1.linux64_1.1.100.202309141235/tools/bin/../lib/gcc/arm-none-eabi/11.3.1/../../../../arm-none-eabi/lib/thumb/v7e-m+fp/hard/libc_nano.a(libc_a-init.o)
 .ARM.attributes
                0x00000000000002af       0x1e /opt/st/stm32cubeide_1.14.0/plugins/com.st.stm32cube.ide.mcu.externaltools.gnu-tools-for-stm32.11.3.rel1.linux64_1.1.100.202309141235/tools/bin/../lib/gcc/arm-none-eabi/11.3.1/thumb/v7e-m+fp/hard/crtn.o
OUTPUT(GPIO_EXTI_CM4.elf elf32-littlearm)
LOAD linker stubs
LOAD /opt/st/stm32cubeide_1.14.0/plugins/com.st.stm32cube.ide.mcu.externaltools.gnu-tools-for-stm32.11.3.rel1.linux64_1.1.100.202309141235/tools/bin/../lib/gcc/arm-none-eabi/11.3.1/../../../../arm-none-eabi/lib/thumb/v7e-m+fp/hard/libc.a
LOAD /opt/st/stm32cubeide_1.14.0/plugins/com.st.stm32cube.ide.mcu.externaltools.gnu-tools-for-stm32.11.3.rel1.linux64_1.1.100.202309141235/tools/bin/../lib/gcc/arm-none-eabi/11.3.1/../../../../arm-none-eabi/lib/thumb/v7e-m+fp/hard/libm.a
LOAD /opt/st/stm32cubeide_1.14.0/plugins/com.st.stm32cube.ide.mcu.externaltools.gnu-tools-for-stm32.11.3.rel1.linux64_1.1.100.202309141235/tools/bin/../lib/gcc/arm-none-eabi/11.3.1/thumb/v7e-m+fp/hard/libgcc.a

.comment        0x0000000000000000       0x43
 .comment       0x0000000000000000       0x43 /opt/st/stm32cubeide_1.14.0/plugins/com.st.stm32cube.ide.mcu.externaltools.gnu-tools-for-stm32.11.3.rel1.linux64_1.1.100.202309141235/tools/bin/../lib/gcc/arm-none-eabi/11.3.1/thumb/v7e-m+fp/hard/crtbegin.o
                                         0x44 (size before relaxing)
 .comment       0x0000000000000043       0x44 ./Drivers/BSP/STM32H745I_Nucleo/stm32h7xx_nucleo.o
 .comment       0x0000000000000043       0x44 ./Drivers/CMSIS/system_stm32h7xx.o
 .comment       0x0000000000000043       0x44 ./Drivers/STM32H7xx_HAL_Driver/stm32h7xx_hal.o
 .comment       0x0000000000000043       0x44 ./Drivers/STM32H7xx_HAL_Driver/stm32h7xx_hal_cortex.o
 .comment       0x0000000000000043       0x44 ./Drivers/STM32H7xx_HAL_Driver/stm32h7xx_hal_gpio.o
 .comment       0x0000000000000043       0x44 ./Drivers/STM32H7xx_HAL_Driver/stm32h7xx_hal_hsem.o
 .comment       0x0000000000000043       0x44 ./Drivers/STM32H7xx_HAL_Driver/stm32h7xx_hal_pwr_ex.o
 .comment       0x0000000000000043       0x44 ./Drivers/STM32H7xx_HAL_Driver/stm32h7xx_hal_rcc.o
 .comment       0x0000000000000043       0x44 ./Example/User/CM4/main.o
 .comment       0x0000000000000043       0x44 ./Example/User/CM4/stm32h7xx_it.o

.debug_info     0x0000000000000000     0x8524
 .debug_info    0x0000000000000000     0x19f6 ./Drivers/BSP/STM32H745I_Nucleo/stm32h7xx_nucleo.o
 .debug_info    0x00000000000019f6      0x761 ./Drivers/CMSIS/system_stm32h7xx.o
 .debug_info    0x0000000000002157     0x17b0 ./Drivers/STM32H7xx_HAL_Driver/stm32h7xx_hal.o
 .debug_info    0x0000000000003907      0xedb ./Drivers/STM32H7xx_HAL_Driver/stm32h7xx_hal_cortex.o
 .debug_info    0x00000000000047e2      0xcf7 ./Drivers/STM32H7xx_HAL_Driver/stm32h7xx_hal_gpio.o
 .debug_info    0x00000000000054d9      0x3d3 ./Drivers/STM32H7xx_HAL_Driver/stm32h7xx_hal_hsem.o
 .debug_info    0x00000000000058ac     0x1026 ./Drivers/STM32H7xx_HAL_Driver/stm32h7xx_hal_pwr_ex.o
 .debug_info    0x00000000000068d2      0xe58 ./Drivers/STM32H7xx_HAL_Driver/stm32h7xx_hal_rcc.o
 .debug_info    0x000000000000772a      0xc76 ./Example/User/CM4/main.o
 .debug_info    0x00000000000083a0      0x161 ./Example/User/CM4/stm32h7xx_it.o
 .debug_info    0x0000000000008501       0x23 ./Example/User/Startup/startup_stm32h745zitx.o

.debug_abbrev   0x0000000000000000     0x161c
 .debug_abbrev  0x0000000000000000      0x323 ./Drivers/BSP/STM32H745I_Nucleo/stm32h7xx_nucleo.o
 .debug_abbrev  0x0000000000000323      0x138 ./Drivers/CMSIS/system_stm32h7xx.o
 .debug_abbrev  0x000000000000045b      0x29f ./Drivers/STM32H7xx_HAL_Driver/stm32h7xx_hal.o
 .debug_abbrev  0x00000000000006fa      0x337 ./Drivers/STM32H7xx_HAL_Driver/stm32h7xx_hal_cortex.o
 .debug_abbrev  0x0000000000000a31      0x1fe ./Drivers/STM32H7xx_HAL_Driver/stm32h7xx_hal_gpio.o
 .debug_abbrev  0x0000000000000c2f      0x1d3 ./Drivers/STM32H7xx_HAL_Driver/stm32h7xx_hal_hsem.o
 .debug_abbrev  0x0000000000000e02      0x2d6 ./Drivers/STM32H7xx_HAL_Driver/stm32h7xx_hal_pwr_ex.o
 .debug_abbrev  0x00000000000010d8      0x2c8 ./Drivers/STM32H7xx_HAL_Driver/stm32h7xx_hal_rcc.o
 .debug_abbrev  0x00000000000013a0      0x1ca ./Example/User/CM4/main.o
 .debug_abbrev  0x000000000000156a       0xa0 ./Example/User/CM4/stm32h7xx_it.o
 .debug_abbrev  0x000000000000160a       0x12 ./Example/User/Startup/startup_stm32h745zitx.o

.debug_aranges  0x0000000000000000      0x768
 .debug_aranges
                0x0000000000000000       0xa8 ./Drivers/BSP/STM32H745I_Nucleo/stm32h7xx_nucleo.o
 .debug_aranges
                0x00000000000000a8       0x28 ./Drivers/CMSIS/system_stm32h7xx.o
 .debug_aranges
                0x00000000000000d0      0x200 ./Drivers/STM32H7xx_HAL_Driver/stm32h7xx_hal.o
 .debug_aranges
                0x00000000000002d0      0x120 ./Drivers/STM32H7xx_HAL_Driver/stm32h7xx_hal_cortex.o
 .debug_aranges
                0x00000000000003f0       0x58 ./Drivers/STM32H7xx_HAL_Driver/stm32h7xx_hal_gpio.o
 .debug_aranges
                0x0000000000000448       0x70 ./Drivers/STM32H7xx_HAL_Driver/stm32h7xx_hal_hsem.o
 .debug_aranges
                0x00000000000004b8      0x170 ./Drivers/STM32H7xx_HAL_Driver/stm32h7xx_hal_pwr_ex.o
 .debug_aranges
                0x0000000000000628       0x88 ./Drivers/STM32H7xx_HAL_Driver/stm32h7xx_hal_rcc.o
 .debug_aranges
                0x00000000000006b0       0x28 ./Example/User/CM4/main.o
 .debug_aranges
                0x00000000000006d8       0x68 ./Example/User/CM4/stm32h7xx_it.o
 .debug_aranges
                0x0000000000000740       0x28 ./Example/User/Startup/startup_stm32h745zitx.o

.debug_rnglists
                0x0000000000000000      0x574
 .debug_rnglists
                0x0000000000000000       0x7c ./Drivers/BSP/STM32H745I_Nucleo/stm32h7xx_nucleo.o
 .debug_rnglists
                0x000000000000007c       0x1a ./Drivers/CMSIS/system_stm32h7xx.o
 .debug_rnglists
                0x0000000000000096      0x181 ./Drivers/STM32H7xx_HAL_Driver/stm32h7xx_hal.o
 .debug_rnglists
                0x0000000000000217       0xd4 ./Drivers/STM32H7xx_HAL_Driver/stm32h7xx_hal_cortex.o
 .debug_rnglists
                0x00000000000002eb       0x3f ./Drivers/STM32H7xx_HAL_Driver/stm32h7xx_hal_gpio.o
 .debug_rnglists
                0x000000000000032a       0x4f ./Drivers/STM32H7xx_HAL_Driver/stm32h7xx_hal_hsem.o
 .debug_rnglists
                0x0000000000000379      0x117 ./Drivers/STM32H7xx_HAL_Driver/stm32h7xx_hal_pwr_ex.o
 .debug_rnglists
                0x0000000000000490       0x68 ./Drivers/STM32H7xx_HAL_Driver/stm32h7xx_hal_rcc.o
 .debug_rnglists
                0x00000000000004f8       0x1a ./Example/User/CM4/main.o
 .debug_rnglists
                0x0000000000000512       0x49 ./Example/User/CM4/stm32h7xx_it.o
 .debug_rnglists
                0x000000000000055b       0x19 ./Example/User/Startup/startup_stm32h745zitx.o

.debug_macro    0x0000000000000000    0x3937f
 .debug_macro   0x0000000000000000      0x2d6 ./Drivers/BSP/STM32H745I_Nucleo/stm32h7xx_nucleo.o
 .debug_macro   0x00000000000002d6      0xab4 ./Drivers/BSP/STM32H745I_Nucleo/stm32h7xx_nucleo.o
 .debug_macro   0x0000000000000d8a       0xd9 ./Drivers/BSP/STM32H745I_Nucleo/stm32h7xx_nucleo.o
 .debug_macro   0x0000000000000e63       0x2e ./Drivers/BSP/STM32H745I_Nucleo/stm32h7xx_nucleo.o
 .debug_macro   0x0000000000000e91       0x3b ./Drivers/BSP/STM32H745I_Nucleo/stm32h7xx_nucleo.o
 .debug_macro   0x0000000000000ecc       0x22 ./Drivers/BSP/STM32H745I_Nucleo/stm32h7xx_nucleo.o
 .debug_macro   0x0000000000000eee       0x8e ./Drivers/BSP/STM32H745I_Nucleo/stm32h7xx_nucleo.o
 .debug_macro   0x0000000000000f7c       0x51 ./Drivers/BSP/STM32H745I_Nucleo/stm32h7xx_nucleo.o
 .debug_macro   0x0000000000000fcd      0x103 ./Drivers/BSP/STM32H745I_Nucleo/stm32h7xx_nucleo.o
 .debug_macro   0x00000000000010d0       0x6a ./Drivers/BSP/STM32H745I_Nucleo/stm32h7xx_nucleo.o
 .debug_macro   0x000000000000113a      0x1df ./Drivers/BSP/STM32H745I_Nucleo/stm32h7xx_nucleo.o
 .debug_macro   0x0000000000001319       0x1c ./Drivers/BSP/STM32H745I_Nucleo/stm32h7xx_nucleo.o
 .debug_macro   0x0000000000001335       0x22 ./Drivers/BSP/STM32H745I_Nucleo/stm32h7xx_nucleo.o
 .debug_macro   0x0000000000001357       0xfb ./Drivers/BSP/STM32H745I_Nucleo/stm32h7xx_nucleo.o
 .debug_macro   0x0000000000001452     0x1011 ./Drivers/BSP/STM32H745I_Nucleo/stm32h7xx_nucleo.o
 .debug_macro   0x0000000000002463      0x11f ./Drivers/BSP/STM32H745I_Nucleo/stm32h7xx_nucleo.o
 .debug_macro   0x0000000000002582    0x26d43 ./Drivers/BSP/STM32H745I_Nucleo/stm32h7xx_nucleo.o
 .debug_macro   0x00000000000292c5       0x6d ./Drivers/BSP/STM32H745I_Nucleo/stm32h7xx_nucleo.o
 .debug_macro   0x0000000000029332     0x3d5d ./Drivers/BSP/STM32H745I_Nucleo/stm32h7xx_nucleo.o
 .debug_macro   0x000000000002d08f      0x174 ./Drivers/BSP/STM32H745I_Nucleo/stm32h7xx_nucleo.o
 .debug_macro   0x000000000002d203       0x61 ./Drivers/BSP/STM32H745I_Nucleo/stm32h7xx_nucleo.o
 .debug_macro   0x000000000002d264       0x2a ./Drivers/BSP/STM32H745I_Nucleo/stm32h7xx_nucleo.o
 .debug_macro   0x000000000002d28e       0x43 ./Drivers/BSP/STM32H745I_Nucleo/stm32h7xx_nucleo.o
 .debug_macro   0x000000000002d2d1       0x34 ./Drivers/BSP/STM32H745I_Nucleo/stm32h7xx_nucleo.o
 .debug_macro   0x000000000002d305       0x16 ./Drivers/BSP/STM32H745I_Nucleo/stm32h7xx_nucleo.o
 .debug_macro   0x000000000002d31b       0x43 ./Drivers/BSP/STM32H745I_Nucleo/stm32h7xx_nucleo.o
 .debug_macro   0x000000000002d35e       0x34 ./Drivers/BSP/STM32H745I_Nucleo/stm32h7xx_nucleo.o
 .debug_macro   0x000000000002d392       0x10 ./Drivers/BSP/STM32H745I_Nucleo/stm32h7xx_nucleo.o
 .debug_macro   0x000000000002d3a2       0x58 ./Drivers/BSP/STM32H745I_Nucleo/stm32h7xx_nucleo.o
 .debug_macro   0x000000000002d3fa       0x8e ./Drivers/BSP/STM32H745I_Nucleo/stm32h7xx_nucleo.o
 .debug_macro   0x000000000002d488       0x1c ./Drivers/BSP/STM32H745I_Nucleo/stm32h7xx_nucleo.o
 .debug_macro   0x000000000002d4a4      0x177 ./Drivers/BSP/STM32H745I_Nucleo/stm32h7xx_nucleo.o
 .debug_macro   0x000000000002d61b      0x369 ./Drivers/BSP/STM32H745I_Nucleo/stm32h7xx_nucleo.o
 .debug_macro   0x000000000002d984      0x19b ./Drivers/BSP/STM32H745I_Nucleo/stm32h7xx_nucleo.o
 .debug_macro   0x000000000002db1f       0x5d ./Drivers/BSP/STM32H745I_Nucleo/stm32h7xx_nucleo.o
 .debug_macro   0x000000000002db7c     0x3a9d ./Drivers/BSP/STM32H745I_Nucleo/stm32h7xx_nucleo.o
 .debug_macro   0x0000000000031619     0x1072 ./Drivers/BSP/STM32H745I_Nucleo/stm32h7xx_nucleo.o
 .debug_macro   0x000000000003268b      0x154 ./Drivers/BSP/STM32H745I_Nucleo/stm32h7xx_nucleo.o
 .debug_macro   0x00000000000327df      0x130 ./Drivers/BSP/STM32H745I_Nucleo/stm32h7xx_nucleo.o
 .debug_macro   0x000000000003290f      0x3be ./Drivers/BSP/STM32H745I_Nucleo/stm32h7xx_nucleo.o
 .debug_macro   0x0000000000032ccd       0xac ./Drivers/BSP/STM32H745I_Nucleo/stm32h7xx_nucleo.o
 .debug_macro   0x0000000000032d79      0x72d ./Drivers/BSP/STM32H745I_Nucleo/stm32h7xx_nucleo.o
 .debug_macro   0x00000000000334a6      0x228 ./Drivers/BSP/STM32H745I_Nucleo/stm32h7xx_nucleo.o
 .debug_macro   0x00000000000336ce       0x66 ./Drivers/BSP/STM32H745I_Nucleo/stm32h7xx_nucleo.o
 .debug_macro   0x0000000000033734      0x407 ./Drivers/BSP/STM32H745I_Nucleo/stm32h7xx_nucleo.o
 .debug_macro   0x0000000000033b3b      0x244 ./Drivers/BSP/STM32H745I_Nucleo/stm32h7xx_nucleo.o
 .debug_macro   0x0000000000033d7f     0x1044 ./Drivers/BSP/STM32H745I_Nucleo/stm32h7xx_nucleo.o
 .debug_macro   0x0000000000034dc3      0x6cc ./Drivers/BSP/STM32H745I_Nucleo/stm32h7xx_nucleo.o
 .debug_macro   0x000000000003548f      0x36e ./Drivers/BSP/STM32H745I_Nucleo/stm32h7xx_nucleo.o
 .debug_macro   0x00000000000357fd      0x3ca ./Drivers/BSP/STM32H745I_Nucleo/stm32h7xx_nucleo.o
 .debug_macro   0x0000000000035bc7      0x4a2 ./Drivers/BSP/STM32H745I_Nucleo/stm32h7xx_nucleo.o
 .debug_macro   0x0000000000036069       0x51 ./Drivers/BSP/STM32H745I_Nucleo/stm32h7xx_nucleo.o
 .debug_macro   0x00000000000360ba       0x4a ./Drivers/BSP/STM32H745I_Nucleo/stm32h7xx_nucleo.o
 .debug_macro   0x0000000000036104      0x22c ./Drivers/BSP/STM32H745I_Nucleo/stm32h7xx_nucleo.o
 .debug_macro   0x0000000000036330       0x67 ./Drivers/BSP/STM32H745I_Nucleo/stm32h7xx_nucleo.o
 .debug_macro   0x0000000000036397       0xa5 ./Drivers/BSP/STM32H745I_Nucleo/stm32h7xx_nucleo.o
 .debug_macro   0x000000000003643c      0x218 ./Drivers/BSP/STM32H745I_Nucleo/stm32h7xx_nucleo.o
 .debug_macro   0x0000000000036654      0x2ea ./Drivers/BSP/STM32H745I_Nucleo/stm32h7xx_nucleo.o
 .debug_macro   0x000000000003693e       0x35 ./Drivers/BSP/STM32H745I_Nucleo/stm32h7xx_nucleo.o
 .debug_macro   0x0000000000036973      0x693 ./Drivers/BSP/STM32H745I_Nucleo/stm32h7xx_nucleo.o
 .debug_macro   0x0000000000037006       0xa6 ./Drivers/BSP/STM32H745I_Nucleo/stm32h7xx_nucleo.o
 .debug_macro   0x00000000000370ac      0x798 ./Drivers/BSP/STM32H745I_Nucleo/stm32h7xx_nucleo.o
 .debug_macro   0x0000000000037844       0x28 ./Drivers/BSP/STM32H745I_Nucleo/stm32h7xx_nucleo.o
 .debug_macro   0x000000000003786c       0x52 ./Drivers/BSP/STM32H745I_Nucleo/stm32h7xx_nucleo.o
 .debug_macro   0x00000000000378be      0x137 ./Drivers/BSP/STM32H745I_Nucleo/stm32h7xx_nucleo.o
 .debug_macro   0x00000000000379f5      0x2b5 ./Drivers/CMSIS/system_stm32h7xx.o
 .debug_macro   0x0000000000037caa      0x2d9 ./Drivers/STM32H7xx_HAL_Driver/stm32h7xx_hal.o
 .debug_macro   0x0000000000037f83      0x2af ./Drivers/STM32H7xx_HAL_Driver/stm32h7xx_hal_cortex.o
 .debug_macro   0x0000000000038232      0x2c3 ./Drivers/STM32H7xx_HAL_Driver/stm32h7xx_hal_gpio.o
 .debug_macro   0x00000000000384f5      0x2c1 ./Drivers/STM32H7xx_HAL_Driver/stm32h7xx_hal_hsem.o
 .debug_macro   0x00000000000387b6      0x2e8 ./Drivers/STM32H7xx_HAL_Driver/stm32h7xx_hal_pwr_ex.o
 .debug_macro   0x0000000000038a9e      0x2d3 ./Drivers/STM32H7xx_HAL_Driver/stm32h7xx_hal_rcc.o
 .debug_macro   0x0000000000038d71      0x2e3 ./Example/User/CM4/main.o
 .debug_macro   0x0000000000039054       0x2e ./Example/User/CM4/main.o
 .debug_macro   0x0000000000039082       0x10 ./Example/User/CM4/main.o
 .debug_macro   0x0000000000039092      0x2ed ./Example/User/CM4/stm32h7xx_it.o

.debug_line     0x0000000000000000     0x8127
 .debug_line    0x0000000000000000      0xc24 ./Drivers/BSP/STM32H745I_Nucleo/stm32h7xx_nucleo.o
 .debug_line    0x0000000000000c24      0x98a ./Drivers/CMSIS/system_stm32h7xx.o
 .debug_line    0x00000000000015ae      0xf68 ./Drivers/STM32H7xx_HAL_Driver/stm32h7xx_hal.o
 .debug_line    0x0000000000002516      0xe1b ./Drivers/STM32H7xx_HAL_Driver/stm32h7xx_hal_cortex.o
 .debug_line    0x0000000000003331      0xcce ./Drivers/STM32H7xx_HAL_Driver/stm32h7xx_hal_gpio.o
 .debug_line    0x0000000000003fff      0x9cb ./Drivers/STM32H7xx_HAL_Driver/stm32h7xx_hal_hsem.o
 .debug_line    0x00000000000049ca     0x1036 ./Drivers/STM32H7xx_HAL_Driver/stm32h7xx_hal_pwr_ex.o
 .debug_line    0x0000000000005a00     0x13d9 ./Drivers/STM32H7xx_HAL_Driver/stm32h7xx_hal_rcc.o
 .debug_line    0x0000000000006dd9      0x914 ./Example/User/CM4/main.o
 .debug_line    0x00000000000076ed      0x9c0 ./Example/User/CM4/stm32h7xx_it.o
 .debug_line    0x00000000000080ad       0x7a ./Example/User/Startup/startup_stm32h745zitx.o

.debug_str      0x0000000000000000   0x18515d
 .debug_str     0x0000000000000000   0x1830d4 ./Drivers/BSP/STM32H745I_Nucleo/stm32h7xx_nucleo.o
                                     0x18381a (size before relaxing)
 .debug_str     0x00000000001830d4      0x15e ./Drivers/CMSIS/system_stm32h7xx.o
                                     0x181cc7 (size before relaxing)
 .debug_str     0x0000000000183232      0xab6 ./Drivers/STM32H7xx_HAL_Driver/stm32h7xx_hal.o
                                     0x183027 (size before relaxing)
 .debug_str     0x0000000000183ce8      0x355 ./Drivers/STM32H7xx_HAL_Driver/stm32h7xx_hal_cortex.o
                                     0x182775 (size before relaxing)
 .debug_str     0x000000000018403d      0x124 ./Drivers/STM32H7xx_HAL_Driver/stm32h7xx_hal_gpio.o
                                     0x181f15 (size before relaxing)
 .debug_str     0x0000000000184161      0x230 ./Drivers/STM32H7xx_HAL_Driver/stm32h7xx_hal_hsem.o
                                     0x181ba0 (size before relaxing)
 .debug_str     0x0000000000184391      0x6fd ./Drivers/STM32H7xx_HAL_Driver/stm32h7xx_hal_pwr_ex.o
                                     0x18236b (size before relaxing)
 .debug_str     0x0000000000184a8e      0x53d ./Drivers/STM32H7xx_HAL_Driver/stm32h7xx_hal_rcc.o
                                     0x182296 (size before relaxing)
 .debug_str     0x0000000000184fcb       0x5e ./Example/User/CM4/main.o
                                     0x182ed3 (size before relaxing)
 .debug_str     0x0000000000185029       0xf8 ./Example/User/CM4/stm32h7xx_it.o
                                     0x182308 (size before relaxing)
 .debug_str     0x0000000000185121       0x3c ./Example/User/Startup/startup_stm32h745zitx.o
                                         0x7d (size before relaxing)

.debug_frame    0x0000000000000000     0x1c7c
 .debug_frame   0x0000000000000000      0x290 ./Drivers/BSP/STM32H745I_Nucleo/stm32h7xx_nucleo.o
 .debug_frame   0x0000000000000290       0x58 ./Drivers/CMSIS/system_stm32h7xx.o
 .debug_frame   0x00000000000002e8      0x848 ./Drivers/STM32H7xx_HAL_Driver/stm32h7xx_hal.o
 .debug_frame   0x0000000000000b30      0x4b8 ./Drivers/STM32H7xx_HAL_Driver/stm32h7xx_hal_cortex.o
 .debug_frame   0x0000000000000fe8      0x14c ./Drivers/STM32H7xx_HAL_Driver/stm32h7xx_hal_gpio.o
 .debug_frame   0x0000000000001134      0x1bc ./Drivers/STM32H7xx_HAL_Driver/stm32h7xx_hal_hsem.o
 .debug_frame   0x00000000000012f0      0x5ec ./Drivers/STM32H7xx_HAL_Driver/stm32h7xx_hal_pwr_ex.o
 .debug_frame   0x00000000000018dc      0x1f8 ./Drivers/STM32H7xx_HAL_Driver/stm32h7xx_hal_rcc.o
 .debug_frame   0x0000000000001ad4       0x54 ./Example/User/CM4/main.o
 .debug_frame   0x0000000000001b28      0x128 ./Example/User/CM4/stm32h7xx_it.o
 .debug_frame   0x0000000000001c50       0x2c /opt/st/stm32cubeide_1.14.0/plugins/com.st.stm32cube.ide.mcu.externaltools.gnu-tools-for-stm32.11.3.rel1.linux64_1.1.100.202309141235/tools/bin/../lib/gcc/arm-none-eabi/11.3.1/../../../../arm-none-eabi/lib/thumb/v7e-m+fp/hard/libc_nano.a(libc_a-init.o)

.debug_line_str
                0x0000000000000000       0x71
 .debug_line_str
                0x0000000000000000       0x71 ./Example/User/Startup/startup_stm32h745zitx.o
                                         0x89 (size before relaxing)
