
Memory Configuration

Name             Origin             Length             Attributes
ITCMRAM          0x0000000000000000 0x0000000000010000 xrw
FLASH            0x0000000008000000 0x0000000000200000 xr
DTCMRAM1         0x0000000020000000 0x0000000000010000 xrw
DTCMRAM2         0x0000000020010000 0x0000000000010000 xrw
RAM              0x0000000024000000 0x0000000000100000 xrw
RAM_CD           0x0000000030000000 0x0000000000020000 xrw
RAM_SRD          0x0000000038000000 0x0000000000008000 xrw
*default*        0x0000000000000000 0xffffffffffffffff

Linker script and memory map

LOAD build/src/startup_stm32h7.o
LOAD build/src/main.o
                0x0000000024100000                _estack = (ORIGIN (RAM) + LENGTH (RAM))

.isr_vector     0x0000000008000000      0x110
                0x0000000008000000                . = ALIGN (0x4)
 *(.isr_vector)
 .isr_vector    0x0000000008000000      0x110 build/src/startup_stm32h7.o
                0x0000000008000000                vectors
                0x0000000008000110                . = ALIGN (0x4)

.text           0x0000000008000110      0x24c
                0x0000000008000110                . = ALIGN (0x4)
 *(.text)
 .text          0x0000000008000110       0xb8 build/src/startup_stm32h7.o
                0x0000000008000110                Reset_Handler
                0x0000000008000154                memcpy
                0x0000000008000190                memset
 .text          0x00000000080001c8      0x194 build/src/main.o
                0x0000000008000260                SysTick_Handler
                0x000000000800027c                ms_delay
                0x00000000080002ac                main
 *(.text*)
                0x000000000800035c                . = ALIGN (0x4)
                0x000000000800035c                _etext = .

.glue_7         0x000000000800035c        0x0
 .glue_7        0x000000000800035c        0x0 linker stubs

.glue_7t        0x000000000800035c        0x0
 .glue_7t       0x000000000800035c        0x0 linker stubs

.vfp11_veneer   0x000000000800035c        0x0
 .vfp11_veneer  0x000000000800035c        0x0 linker stubs

.v4_bx          0x000000000800035c        0x0
 .v4_bx         0x000000000800035c        0x0 linker stubs

.iplt           0x000000000800035c        0x0
 .iplt          0x000000000800035c        0x0 build/src/startup_stm32h7.o

.rel.dyn        0x000000000800035c        0x0
 .rel.iplt      0x000000000800035c        0x0 build/src/startup_stm32h7.o

.rodata         0x000000000800035c        0x0
                0x000000000800035c                . = ALIGN (0x4)
 *(.rodata)
 *(.rodata*)
                0x000000000800035c                . = ALIGN (0x4)
                0x000000000800035c                _la_data = LOADADDR (.data)

.data           0x0000000024000000        0x0 load address 0x000000000800035c
                0x0000000024000000                . = ALIGN (0x4)
                0x0000000024000000                _sdata = .
 *(.data)
 .data          0x0000000024000000        0x0 build/src/startup_stm32h7.o
 .data          0x0000000024000000        0x0 build/src/main.o
 *(.data*)
                0x0000000024000000                . = ALIGN (0x4)
                0x0000000024000000                _edata = .

.igot.plt       0x0000000024000000        0x0 load address 0x000000000800035c
 .igot.plt      0x0000000024000000        0x0 build/src/startup_stm32h7.o
                0x0000000024000000                . = ALIGN (0x4)

.bss            0x0000000024000000        0x4 load address 0x000000000800035c
                0x0000000024000000                _sbss = .
 *(.bss)
 .bss           0x0000000024000000        0x0 build/src/startup_stm32h7.o
 .bss           0x0000000024000000        0x4 build/src/main.o
                0x0000000024000000                msTicks
 *(.bss*)
 *(COMMON)
                0x0000000024000004                . = ALIGN (0x4)
                0x0000000024000004                _ebss = .

/DISCARD/
 libc.a(*)
 libm.a(*)
 libgcc.a(*)
OUTPUT(build/blink.elf elf32-littlearm)
LOAD linker stubs
LOAD /opt/st/stm32cubeclt/GNU-tools-for-STM32/bin/../lib/gcc/arm-none-eabi/11.3.1/../../../../arm-none-eabi/lib/thumb/v7e-m/nofp/libc.a
LOAD /opt/st/stm32cubeclt/GNU-tools-for-STM32/bin/../lib/gcc/arm-none-eabi/11.3.1/../../../../arm-none-eabi/lib/thumb/v7e-m/nofp/libm.a
LOAD /opt/st/stm32cubeclt/GNU-tools-for-STM32/bin/../lib/gcc/arm-none-eabi/11.3.1/thumb/v7e-m/nofp/libgcc.a

.debug_info     0x0000000000000000     0x124d
 .debug_info    0x0000000000000000      0x20a build/src/startup_stm32h7.o
 .debug_info    0x000000000000020a     0x1043 build/src/main.o

.debug_abbrev   0x0000000000000000      0x307
 .debug_abbrev  0x0000000000000000      0x131 build/src/startup_stm32h7.o
 .debug_abbrev  0x0000000000000131      0x1d6 build/src/main.o

.debug_loc      0x0000000000000000      0x2b8
 .debug_loc     0x0000000000000000       0xe4 build/src/startup_stm32h7.o
 .debug_loc     0x00000000000000e4      0x1d4 build/src/main.o

.debug_aranges  0x0000000000000000       0x40
 .debug_aranges
                0x0000000000000000       0x20 build/src/startup_stm32h7.o
 .debug_aranges
                0x0000000000000020       0x20 build/src/main.o

.debug_line     0x0000000000000000      0x31c
 .debug_line    0x0000000000000000      0x159 build/src/startup_stm32h7.o
 .debug_line    0x0000000000000159      0x1c3 build/src/main.o

.debug_str      0x0000000000000000      0xd6c
 .debug_str     0x0000000000000000      0x16f build/src/startup_stm32h7.o
                                        0x1b1 (size before relaxing)
 .debug_str     0x000000000000016f      0xbfd build/src/main.o
                                        0xd7b (size before relaxing)

.comment        0x0000000000000000       0x43
 .comment       0x0000000000000000       0x43 build/src/startup_stm32h7.o
                                         0x44 (size before relaxing)
 .comment       0x0000000000000043       0x44 build/src/main.o

.ARM.attributes
                0x0000000000000000       0x2e
 .ARM.attributes
                0x0000000000000000       0x2e build/src/startup_stm32h7.o
 .ARM.attributes
                0x000000000000002e       0x2e build/src/main.o

.debug_frame    0x0000000000000000      0x164
 .debug_frame   0x0000000000000000       0x7c build/src/startup_stm32h7.o
 .debug_frame   0x000000000000007c       0xe8 build/src/main.o
