/home/csrohit/STM32CubeIDE/dual/GPIO_EXTI/CM7/Src/main.c:50:5:main	7
/home/csrohit/STM32CubeIDE/dual/GPIO_EXTI/CM7/Src/main.c:140:13:SystemClock_Config	4
/home/csrohit/STM32CubeIDE/dual/GPIO_EXTI/CM7/Src/main.c:221:13:CPU_CACHE_Enable	5
/home/csrohit/STM32CubeIDE/dual/GPIO_EXTI/CM7/Src/main.c:235:13:Error_Handler	1
/home/csrohit/STM32CubeIDE/dual/GPIO_EXTI/CM7/Src/main.c:248:6:HAL_GPIO_EXTI_Callback	2
/home/csrohit/STM32CubeIDE/dual/GPIO_EXTI/CM7/Src/main.c:262:13:EXTI15_10_IRQHandler_Config	1
/home/csrohit/STM32CubeIDE/dual/GPIO_EXTI/CM7/Src/main.c:289:13:MPU_Config	1
